Archive member included because of file (symbol)

/home/phalt/CS/Sourcery_CodeBench_Lite_for_ARM_EABI/bin/../lib/gcc/arm-none-eabi/4.7.3/../../../../arm-none-eabi/lib/thumb2/libstdc++.a(class_type_info.o)
                              ./src/ledtask.o (vtable for __cxxabiv1::__class_type_info)
/home/phalt/CS/Sourcery_CodeBench_Lite_for_ARM_EABI/bin/../lib/gcc/arm-none-eabi/4.7.3/../../../../arm-none-eabi/lib/thumb2/libstdc++.a(si_class_type_info.o)
                              ./src/ledtask.o (vtable for __cxxabiv1::__si_class_type_info)
/home/phalt/CS/Sourcery_CodeBench_Lite_for_ARM_EABI/bin/../lib/gcc/arm-none-eabi/4.7.3/../../../../arm-none-eabi/lib/thumb2/libstdc++.a(eh_arm.o)
                              ./src/app.o (__cxa_end_cleanup)
/home/phalt/CS/Sourcery_CodeBench_Lite_for_ARM_EABI/bin/../lib/gcc/arm-none-eabi/4.7.3/../../../../arm-none-eabi/lib/thumb2/libstdc++.a(new_op.o)
                              ./src/main.o (operator new(unsigned int))
/home/phalt/CS/Sourcery_CodeBench_Lite_for_ARM_EABI/bin/../lib/gcc/arm-none-eabi/4.7.3/../../../../arm-none-eabi/lib/thumb2/libstdc++.a(eh_personality.o)
                              ./src/app.o (__gxx_personality_v0)
/home/phalt/CS/Sourcery_CodeBench_Lite_for_ARM_EABI/bin/../lib/gcc/arm-none-eabi/4.7.3/../../../../arm-none-eabi/lib/thumb2/libstdc++.a(del_op.o)
                              ./src/ledtask.o (operator delete(void*))
/home/phalt/CS/Sourcery_CodeBench_Lite_for_ARM_EABI/bin/../lib/gcc/arm-none-eabi/4.7.3/../../../../arm-none-eabi/lib/thumb2/libstdc++.a(bad_alloc.o)
                              /home/phalt/CS/Sourcery_CodeBench_Lite_for_ARM_EABI/bin/../lib/gcc/arm-none-eabi/4.7.3/../../../../arm-none-eabi/lib/thumb2/libstdc++.a(new_op.o) (std::bad_alloc::~bad_alloc())
/home/phalt/CS/Sourcery_CodeBench_Lite_for_ARM_EABI/bin/../lib/gcc/arm-none-eabi/4.7.3/../../../../arm-none-eabi/lib/thumb2/libstdc++.a(eh_alloc.o)
                              /home/phalt/CS/Sourcery_CodeBench_Lite_for_ARM_EABI/bin/../lib/gcc/arm-none-eabi/4.7.3/../../../../arm-none-eabi/lib/thumb2/libstdc++.a(new_op.o) (__cxa_allocate_exception)
/home/phalt/CS/Sourcery_CodeBench_Lite_for_ARM_EABI/bin/../lib/gcc/arm-none-eabi/4.7.3/../../../../arm-none-eabi/lib/thumb2/libstdc++.a(eh_catch.o)
                              /home/phalt/CS/Sourcery_CodeBench_Lite_for_ARM_EABI/bin/../lib/gcc/arm-none-eabi/4.7.3/../../../../arm-none-eabi/lib/thumb2/libstdc++.a(eh_personality.o) (__cxa_begin_catch)
/home/phalt/CS/Sourcery_CodeBench_Lite_for_ARM_EABI/bin/../lib/gcc/arm-none-eabi/4.7.3/../../../../arm-none-eabi/lib/thumb2/libstdc++.a(eh_terminate.o)
                              /home/phalt/CS/Sourcery_CodeBench_Lite_for_ARM_EABI/bin/../lib/gcc/arm-none-eabi/4.7.3/../../../../arm-none-eabi/lib/thumb2/libstdc++.a(eh_arm.o) (std::terminate())
/home/phalt/CS/Sourcery_CodeBench_Lite_for_ARM_EABI/bin/../lib/gcc/arm-none-eabi/4.7.3/../../../../arm-none-eabi/lib/thumb2/libstdc++.a(eh_unex_handler.o)
                              /home/phalt/CS/Sourcery_CodeBench_Lite_for_ARM_EABI/bin/../lib/gcc/arm-none-eabi/4.7.3/../../../../arm-none-eabi/lib/thumb2/libstdc++.a(eh_terminate.o) (__cxxabiv1::__unexpected_handler)
/home/phalt/CS/Sourcery_CodeBench_Lite_for_ARM_EABI/bin/../lib/gcc/arm-none-eabi/4.7.3/../../../../arm-none-eabi/lib/thumb2/libstdc++.a(tinfo.o)
                              /home/phalt/CS/Sourcery_CodeBench_Lite_for_ARM_EABI/bin/../lib/gcc/arm-none-eabi/4.7.3/../../../../arm-none-eabi/lib/thumb2/libstdc++.a(class_type_info.o) (std::type_info::~type_info())
/home/phalt/CS/Sourcery_CodeBench_Lite_for_ARM_EABI/bin/../lib/gcc/arm-none-eabi/4.7.3/../../../../arm-none-eabi/lib/thumb2/libstdc++.a(eh_globals.o)
                              /home/phalt/CS/Sourcery_CodeBench_Lite_for_ARM_EABI/bin/../lib/gcc/arm-none-eabi/4.7.3/../../../../arm-none-eabi/lib/thumb2/libstdc++.a(eh_catch.o) (__cxa_get_globals_fast)
/home/phalt/CS/Sourcery_CodeBench_Lite_for_ARM_EABI/bin/../lib/gcc/arm-none-eabi/4.7.3/../../../../arm-none-eabi/lib/thumb2/libstdc++.a(eh_call.o)
                              /home/phalt/CS/Sourcery_CodeBench_Lite_for_ARM_EABI/bin/../lib/gcc/arm-none-eabi/4.7.3/../../../../arm-none-eabi/lib/thumb2/libstdc++.a(eh_personality.o) (__cxa_call_terminate)
/home/phalt/CS/Sourcery_CodeBench_Lite_for_ARM_EABI/bin/../lib/gcc/arm-none-eabi/4.7.3/../../../../arm-none-eabi/lib/thumb2/libstdc++.a(eh_throw.o)
                              /home/phalt/CS/Sourcery_CodeBench_Lite_for_ARM_EABI/bin/../lib/gcc/arm-none-eabi/4.7.3/../../../../arm-none-eabi/lib/thumb2/libstdc++.a(new_op.o) (__cxa_throw)
/home/phalt/CS/Sourcery_CodeBench_Lite_for_ARM_EABI/bin/../lib/gcc/arm-none-eabi/4.7.3/../../../../arm-none-eabi/lib/thumb2/libstdc++.a(eh_exception.o)
                              /home/phalt/CS/Sourcery_CodeBench_Lite_for_ARM_EABI/bin/../lib/gcc/arm-none-eabi/4.7.3/../../../../arm-none-eabi/lib/thumb2/libstdc++.a(bad_alloc.o) (std::exception::~exception())
[...]
Memory Configuration

Name             Origin             Length             Attributes
RAM              0x20000000         0x00020000         xrw
CCMRAM           0x10000000         0x00010000         xrw
FLASH            0x08000000         0x00200000         xr
FLASHB1          0x00000000         0x00000000         xr
EXTMEMB0         0x00000000         0x00000000         xr
EXTMEMB1         0x00000000         0x00000000         xr
EXTMEMB2         0x00000000         0x00000000         xr
EXTMEMB3         0x00000000         0x00000000         xr
MEMORY_ARRAY     0x20002000         0x00000020         xrw
*default*        0x00000000         0xffffffff

Linker script and memory map

LOAD ./src/app.o
LOAD ./src/ledtask.o
LOAD ./src/main.o
LOAD ./src/tasks.o
LOAD ./libs/misc/src/_sbrk.o
LOAD ./libs/misc/src/_write.o
LOAD ./libs/misc/src/trace_impl.o
LOAD ./libs/freertos/croutine.o
LOAD ./libs/freertos/heap_2.o
LOAD ./libs/freertos/list.o
LOAD ./libs/freertos/port.o
LOAD ./libs/freertos/queue.o
LOAD ./libs/freertos/tasks.o
LOAD ./libs/freertos/timers.o
LOAD ./libs/StdPeriph/src/misc.o
LOAD ./libs/StdPeriph/src/stm32f4xx_adc.o
LOAD ./libs/StdPeriph/src/stm32f4xx_can.o
LOAD ./libs/StdPeriph/src/stm32f4xx_crc.o
LOAD ./libs/StdPeriph/src/stm32f4xx_cryp.o
LOAD ./libs/StdPeriph/src/stm32f4xx_cryp_aes.o
LOAD ./libs/StdPeriph/src/stm32f4xx_cryp_des.o
LOAD ./libs/StdPeriph/src/stm32f4xx_cryp_tdes.o
LOAD ./libs/StdPeriph/src/stm32f4xx_dac.o
LOAD ./libs/StdPeriph/src/stm32f4xx_dbgmcu.o
LOAD ./libs/StdPeriph/src/stm32f4xx_dcmi.o
LOAD ./libs/StdPeriph/src/stm32f4xx_dma.o
LOAD ./libs/StdPeriph/src/stm32f4xx_dma2d.o
LOAD ./libs/StdPeriph/src/stm32f4xx_exti.o
LOAD ./libs/StdPeriph/src/stm32f4xx_flash.o
LOAD ./libs/StdPeriph/src/stm32f4xx_fmc.o
LOAD ./libs/StdPeriph/src/stm32f4xx_gpio.o
LOAD ./libs/StdPeriph/src/stm32f4xx_hash.o
LOAD ./libs/StdPeriph/src/stm32f4xx_hash_md5.o
LOAD ./libs/StdPeriph/src/stm32f4xx_hash_sha1.o
LOAD ./libs/StdPeriph/src/stm32f4xx_i2c.o
LOAD ./libs/StdPeriph/src/stm32f4xx_iwdg.o
LOAD ./libs/StdPeriph/src/stm32f4xx_ltdc.o
LOAD ./libs/StdPeriph/src/stm32f4xx_pwr.o
LOAD ./libs/StdPeriph/src/stm32f4xx_rcc.o
LOAD ./libs/StdPeriph/src/stm32f4xx_rng.o
LOAD ./libs/StdPeriph/src/stm32f4xx_rtc.o
LOAD ./libs/StdPeriph/src/stm32f4xx_sai.o
LOAD ./libs/StdPeriph/src/stm32f4xx_sdio.o
LOAD ./libs/StdPeriph/src/stm32f4xx_spi.o
LOAD ./libs/StdPeriph/src/stm32f4xx_syscfg.o
LOAD ./libs/StdPeriph/src/stm32f4xx_tim.o
LOAD ./libs/StdPeriph/src/stm32f4xx_usart.o
LOAD ./libs/StdPeriph/src/stm32f4xx_wwdg.o
LOAD ./libs/CMSIS/src/startup_cm.o
LOAD ./libs/CMSIS/src/startup_stm32f4xx.o
LOAD ./libs/CMSIS/src/system_stm32f4xx.o
LOAD ./libs/CMSIS/src/vectors_stm32f4xx.o
LOAD /home/phalt/CS/Sourcery_CodeBench_Lite_for_ARM_EABI/bin/../lib/gcc/arm-none-eabi/4.7.3/../../../../arm-none-eabi/lib/thumb2/libstdc++.a
LOAD /home/phalt/CS/Sourcery_CodeBench_Lite_for_ARM_EABI/bin/../lib/gcc/arm-none-eabi/4.7.3/../../../../arm-none-eabi/lib/thumb2/libm.a
START GROUP
LOAD /home/phalt/CS/Sourcery_CodeBench_Lite_for_ARM_EABI/bin/../lib/gcc/arm-none-eabi/4.7.3/thumb2/libgcc.a
LOAD /home/phalt/CS/Sourcery_CodeBench_Lite_for_ARM_EABI/bin/../lib/gcc/arm-none-eabi/4.7.3/../../../../arm-none-eabi/lib/thumb2/libc.a
END GROUP
START GROUP
LOAD /home/phalt/CS/Sourcery_CodeBench_Lite_for_ARM_EABI/bin/../lib/gcc/arm-none-eabi/4.7.3/thumb2/libgcc.a
LOAD /home/phalt/CS/Sourcery_CodeBench_Lite_for_ARM_EABI/bin/../lib/gcc/arm-none-eabi/4.7.3/../../../../arm-none-eabi/lib/thumb2/libg.a
LOAD /home/phalt/CS/Sourcery_CodeBench_Lite_for_ARM_EABI/bin/../lib/gcc/arm-none-eabi/4.7.3/../../../../arm-none-eabi/lib/thumb2/libc.a
LOAD /home/phalt/CS/Sourcery_CodeBench_Lite_for_ARM_EABI/bin/../lib/gcc/arm-none-eabi/4.7.3/../../../../arm-none-eabi/lib/thumb2/libm.a
LOAD /home/phalt/CS/Sourcery_CodeBench_Lite_for_ARM_EABI/bin/../lib/gcc/arm-none-eabi/4.7.3/../../../../arm-none-eabi/lib/libnosys.a
END GROUP
                0x20020000                __stack = (ORIGIN (RAM) + 0x20000)
                0x20020000                _estack = __stack
                0x00002000                __Main_Stack_Size = 0x2000
                0x00002000                PROVIDE (_Main_Stack_Size, __Main_Stack_Size)
                0x2001e000                __Main_Stack_Limit = (__stack - __Main_Stack_Size)
                0x2001e000                PROVIDE (_Main_Stack_Limit, __Main_Stack_Limit)
                0x00000e00                _Minimum_Stack_Size = 0xe00
                0x200056d4                PROVIDE (_Heap_Begin, _end_noinit)
                0x2001e000                PROVIDE (_Heap_Limit, (__stack - _Main_Stack_Size))

.isr_vector     0x08000000      0x28c
                0x08000000                . = ALIGN (0x4)
 *(.isr_vector)
 .isr_vector    0x08000000      0x188 ./libs/CMSIS/src/vectors_stm32f4xx.o
                0x08000000                g_pfnVectors
 *(.after_vectors .after_vectors.*)
 .after_vectors
                0x08000188       0x98 ./libs/CMSIS/src/startup_cm.o
                0x08000188                Reset_Handler
                0x080001d0                system_init
 .after_vectors
                0x08000220       0x1c ./libs/CMSIS/src/startup_stm32f4xx.o
                0x08000220                fpu_init
 .after_vectors
                0x0800023c       0x50 ./libs/CMSIS/src/vectors_stm32f4xx.o
                0x0800023c                RTC_Alarm_IRQHandler
                0x0800023c                HASH_RNG_IRQHandler
                0x0800023c                EXTI2_IRQHandler
                0x0800023c                TIM8_CC_IRQHandler
                0x0800023c                UART8_IRQHandler
                0x0800023c                SPI4_IRQHandler
                0x0800023c                TIM1_CC_IRQHandler
                0x0800023c                DMA2_Stream5_IRQHandler
                0x0800023c                DMA1_Stream5_IRQHandler
                0x0800023c                PVD_IRQHandler
                0x0800023c                SDIO_IRQHandler
                0x0800023c                TAMP_STAMP_IRQHandler
                0x0800023c                CAN2_RX1_IRQHandler
                0x0800023c                EXTI3_IRQHandler
                0x0800023c                TIM8_TRG_COM_TIM14_IRQHandler
                0x0800023c                TIM1_UP_TIM10_IRQHandler
                0x0800023c                TIM8_UP_TIM13_IRQHandler
                0x0800023c                I2C3_ER_IRQHandler
                0x0800023c                EXTI0_IRQHandler
                0x0800023c                I2C2_EV_IRQHandler
                0x0800023c                DMA1_Stream2_IRQHandler
                0x0800023c                CAN1_RX0_IRQHandler
                0x0800023c                FPU_IRQHandler
                0x0800023c                OTG_HS_WKUP_IRQHandler
                0x0800023c                LTDC_ER_IRQHandler
                0x0800023c                CAN2_SCE_IRQHandler
                0x0800023c                DMA2_Stream2_IRQHandler
                0x0800023c                SPI1_IRQHandler
                0x0800023c                TIM6_DAC_IRQHandler
                0x0800023c                TIM1_BRK_TIM9_IRQHandler
                0x0800023c                DCMI_IRQHandler
                0x0800023c                CAN2_RX0_IRQHandler
                0x0800023c                DMA2_Stream3_IRQHandler
                0x0800023c                USART6_IRQHandler
                0x0800023c                USART3_IRQHandler
                0x0800023c                CRYP_IRQHandler
                0x0800023c                CAN1_RX1_IRQHandler
                0x0800023c                UART5_IRQHandler
                0x0800023c                DMA2_Stream0_IRQHandler
                0x0800023c                TIM4_IRQHandler
                0x0800023c                I2C1_EV_IRQHandler
                0x0800023c                DMA1_Stream6_IRQHandler
                0x0800023c                DMA1_Stream1_IRQHandler
                0x0800023c                UART4_IRQHandler
                0x0800023c                TIM3_IRQHandler
                0x0800023c                RCC_IRQHandler
                0x0800023c                TIM8_BRK_TIM12_IRQHandler
                0x0800023c                Default_Handler
                0x0800023c                EXTI15_10_IRQHandler
                0x0800023c                ADC_IRQHandler
                0x0800023c                DMA1_Stream7_IRQHandler
                0x0800023c                SPI5_IRQHandler
                0x0800023c                TIM7_IRQHandler
                0x0800023c                CAN2_TX_IRQHandler
                0x0800023c                TIM5_IRQHandler
                0x0800023c                DMA2_Stream7_IRQHandler
                0x0800023c                I2C3_EV_IRQHandler
                0x0800023c                EXTI9_5_IRQHandler
                0x0800023c                RTC_WKUP_IRQHandler
                0x0800023c                LTDC_IRQHandler
                0x0800023c                ETH_WKUP_IRQHandler
                0x0800023c                SPI2_IRQHandler
                0x0800023c                OTG_HS_EP1_IN_IRQHandler
                0x0800023c                DMA1_Stream0_IRQHandler
                0x0800023c                CAN1_TX_IRQHandler
                0x0800023c                EXTI4_IRQHandler
                0x0800023c                FSMC_IRQHandler
                0x0800023c                ETH_IRQHandler
                0x0800023c                OTG_HS_EP1_OUT_IRQHandler
                0x0800023c                WWDG_IRQHandler
                0x0800023c                SPI6_IRQHandler
                0x0800023c                TIM2_IRQHandler
                0x0800023c                OTG_FS_WKUP_IRQHandler
                0x0800023c                TIM1_TRG_COM_TIM11_IRQHandler
                0x0800023c                OTG_HS_IRQHandler
                0x0800023c                DMA2D_IRQHandler
                0x0800023c                EXTI1_IRQHandler
                0x0800023c                UART7_IRQHandler
                0x0800023c                USART2_IRQHandler
                0x0800023c                I2C2_ER_IRQHandler
                0x0800023c                DMA2_Stream1_IRQHandler
                0x0800023c                CAN1_SCE_IRQHandler
                0x0800023c                FLASH_IRQHandler
                0x0800023c                DMA2_Stream4_IRQHandler
                0x0800023c                USART1_IRQHandler
                0x0800023c                OTG_FS_IRQHandler
                0x0800023c                SPI3_IRQHandler
                0x0800023c                DMA1_Stream4_IRQHandler
                0x0800023c                I2C1_ER_IRQHandler
                0x0800023c                DMA2_Stream6_IRQHandler
                0x0800023c                SAI1_IRQHandler
                0x0800023c                DMA1_Stream3_IRQHandler
                0x08000244                NMI_Handler
                0x0800024c                HardFault_Handler
                0x08000254                MemManage_Handler
                0x0800025c                BusFault_Handler
                0x08000264                UsageFault_Handler
                0x08000274                DebugMon_Handler
                0x0800028c                . = ALIGN (0x4)

._inits         0x0800028c        0x8
                0x0800028c                . = ALIGN (0x4)
 *(.init)
 *(.fini)
                0x0800028c                . = ALIGN (0x4)
                0x0800028c                PROVIDE (__preinit_array_start, .)
 *(.preinit_array_sysinit .preinit_array_sysinit.*)
 .preinit_array_sysinit
                0x0800028c        0x4 ./libs/CMSIS/src/startup_cm.o
                0x0800028c                p_system_init
 *(.preinit_array_platform .preinit_array_platform.*)
 .preinit_array_platform
                0x08000290        0x4 ./libs/CMSIS/src/startup_stm32f4xx.o
                0x08000290                p_fpu_init
 *(.preinit_array .preinit_array.*)
                0x08000294                PROVIDE (__preinit_array_end, .)
                0x08000294                . = ALIGN (0x4)
                0x08000294                PROVIDE (__init_array_start, .)
 *(SORT(.init_array.*))
 *(.init_array)
                0x08000294                PROVIDE (__init_array_end, .)
                0x08000294                . = ALIGN (0x4)
                0x08000294                PROVIDE (__fini_array_start, .)
 *(SORT(.fini_array.*))
 *(.fini_array)
                0x08000294                PROVIDE (__fini_array_end, .)
                0x08000294                . = ALIGN (0x4)

.flashtext      0x08000294        0x0
                0x08000294                . = ALIGN (0x4)
 *(.flashtext .flashtext.*)
                0x08000294                . = ALIGN (0x4)

.text           0x08000298    0x11028
                0x08000298                . = ALIGN (0x4)
 *(.text .text.*)
 .text._ZN11Application4initEv
                0x08000298       0x44 ./src/app.o
                0x08000298                Application::init()
 .text._ZN11Application5startEv
                0x080002dc       0x14 ./src/app.o
                0x080002dc                Application::start()
 .text._ZN11Application6attachEP4Task
                0x080002f0       0x78 ./src/app.o
                0x080002f0                Application::attach(Task*)
 .text._ZN4TaskC2Ev
                0x08000368       0x20 ./src/ledtask.o
                0x08000368                Task::Task()
                0x08000368                Task::Task()
 .text._ZN4TaskD2Ev
                0x08000388       0x30 ./src/ledtask.o
                0x08000388                Task::~Task()
                0x08000388                Task::~Task()
 .text._ZN4TaskD0Ev
                0x080003b8       0x20 ./src/ledtask.o
                0x080003b8                Task::~Task()
 .text._ZN4Task4initEv
                0x080003d8       0x14 ./src/ledtask.o
                0x080003d8                Task::init()
 .text._ZN4Task4implEPv
                0x080003ec       0x14 ./src/ledtask.o
                0x080003ec                Task::impl(void*)
 .text._ZN7LEDTaskD2Ev
                0x08000400       0x38 ./src/ledtask.o
                0x08000400                LEDTask::~LEDTask()
                0x08000400                LEDTask::~LEDTask()
 .text._ZN7LEDTaskD0Ev
                0x08000438       0x20 ./src/ledtask.o
                0x08000438                LEDTask::~LEDTask()
 .text._ZN7LEDTaskC2Ett
                0x08000458       0x3c ./src/ledtask.o
                0x08000458                LEDTask::LEDTask(unsigned short, unsigned short)
                0x08000458                LEDTask::LEDTask(unsigned short, unsigned short)
 .text._ZN7LEDTask4initEv
                0x08000494       0x14 ./src/ledtask.o
                0x08000494                LEDTask::init()
 .text._ZN7LEDTask4implEPv
                0x080004a8       0x3c ./src/ledtask.o
                0x080004a8                LEDTask::impl(void*)
 .text._ZN11ApplicationC2Ev
                0x080004e4       0x18 ./src/main.o
                0x080004e4                Application::Application()
                0x080004e4                Application::Application()
 .text.main     0x080004fc       0x94 ./src/main.o
                0x080004fc                main
 .text._sbrk    0x08000590       0x6c ./libs/misc/src/_sbrk.o
                0x08000590                _sbrk
 .text._write   0x080005fc       0x2c ./libs/misc/src/_write.o
                0x080005fc                _write
 .text._write_trace_swo
                0x08000628       0x94 ./libs/misc/src/trace_impl.o
                0x08000628                _write_trace_swo
 .text.pvPortMalloc
                0x080006bc      0x12c ./libs/freertos/heap_2.o
                0x080006bc                pvPortMalloc
 .text.vPortFree
                0x080007e8       0x7c ./libs/freertos/heap_2.o
                0x080007e8                vPortFree
 .text.prvHeapInit
                0x08000864       0x54 ./libs/freertos/heap_2.o
 .text.vListInitialise
                0x080008b8       0x40 ./libs/freertos/list.o
                0x080008b8                vListInitialise
 .text.vListInitialiseItem
                0x080008f8       0x1c ./libs/freertos/list.o
                0x080008f8                vListInitialiseItem
 .text.vListInsertEnd
                0x08000914       0x48 ./libs/freertos/list.o
                0x08000914                vListInsertEnd
 .text.vListInsert
                0x0800095c       0x74 ./libs/freertos/list.o
                0x0800095c                vListInsert
 .text.uxListRemove
                0x080009d0       0x58 ./libs/freertos/list.o
                0x080009d0                uxListRemove
 .text.pxPortInitialiseStack
                0x08000a28       0x70 ./libs/freertos/port.o
                0x08000a28                pxPortInitialiseStack
 .text.prvTaskExitError
                0x08000a98        0xc ./libs/freertos/port.o
 .text.SVC_Handler
                0x08000aa4       0x1c ./libs/freertos/port.o
                0x08000aa4                SVC_Handler
 .text.prvPortStartFirstTask
                0x08000ac0       0x14 ./libs/freertos/port.o
 .text.xPortStartScheduler
                0x08000ad4       0x54 ./libs/freertos/port.o
                0x08000ad4                xPortStartScheduler
 .text.vPortYield
                0x08000b28       0x20 ./libs/freertos/port.o
                0x08000b28                vPortYield
 .text.vPortEnterCritical
                0x08000b48       0x24 ./libs/freertos/port.o
                0x08000b48                vPortEnterCritical
 .text.vPortExitCritical
                0x08000b6c       0x28 ./libs/freertos/port.o
                0x08000b6c                vPortExitCritical
 .text.ulPortSetInterruptMask
                0x08000b94       0x14 ./libs/freertos/port.o
                0x08000b94                ulPortSetInterruptMask
 .text.vPortClearInterruptMask
                0x08000ba8        0x8 ./libs/freertos/port.o
                0x08000ba8                vPortClearInterruptMask
 .text.PendSV_Handler
                0x08000bb0       0x50 ./libs/freertos/port.o
                0x08000bb0                PendSV_Handler
 .text.SysTick_Handler
                0x08000c00       0x28 ./libs/freertos/port.o
                0x08000c00                SysTick_Handler
 .text.vPortSetupTimerInterrupt
                0x08000c28       0x24 ./libs/freertos/port.o
                0x08000c28                vPortSetupTimerInterrupt
 .text.vPortEnableVFP
                0x08000c4c       0x14 ./libs/freertos/port.o
 .text.xTaskGenericCreate
                0x08000c60      0x144 ./libs/freertos/tasks.o
                0x08000c60                xTaskGenericCreate
 .text.vTaskDelay
                0x08000da4       0x58 ./libs/freertos/tasks.o
                0x08000da4                vTaskDelay
 .text.vTaskStartScheduler
                0x08000dfc       0x68 ./libs/freertos/tasks.o
                0x08000dfc                vTaskStartScheduler
 .text.vTaskSuspendAll
                0x08000e64       0x1c ./libs/freertos/tasks.o
                0x08000e64                vTaskSuspendAll
 .text.xTaskResumeAll
                0x08000e80      0x114 ./libs/freertos/tasks.o
                0x08000e80                xTaskResumeAll
 .text.xTaskIncrementTick
                0x08000f94      0x1b4 ./libs/freertos/tasks.o
                0x08000f94                xTaskIncrementTick
 .text.vTaskSwitchContext
                0x08001148       0xa8 ./libs/freertos/tasks.o
                0x08001148                vTaskSwitchContext
 .text.prvIdleTask
                0x080011f0       0x24 ./libs/freertos/tasks.o
 .text.prvInitialiseTCBVariables
                0x08001214       0x9c ./libs/freertos/tasks.o
 .text.prvInitialiseTaskLists
                0x080012b0       0x74 ./libs/freertos/tasks.o
 .text.prvCheckTasksWaitingTermination
                0x08001324        0xc ./libs/freertos/tasks.o
 .text.prvAddCurrentTaskToDelayedList
                0x08001330       0x70 ./libs/freertos/tasks.o
 .text.prvAllocateTCBAndStack
                0x080013a0       0x70 ./libs/freertos/tasks.o
 .text.GPIO_Init
                0x08001410      0x144 ./libs/StdPeriph/src/stm32f4xx_gpio.o
                0x08001410                GPIO_Init
 .text.GPIO_SetBits
                0x08001554       0x1c ./libs/StdPeriph/src/stm32f4xx_gpio.o
                0x08001554                GPIO_SetBits
 .text.GPIO_ResetBits
                0x08001570       0x1c ./libs/StdPeriph/src/stm32f4xx_gpio.o
                0x08001570                GPIO_ResetBits
 .text.RCC_AHB1PeriphClockCmd
                0x0800158c       0x40 ./libs/StdPeriph/src/stm32f4xx_rcc.o
                0x0800158c                RCC_AHB1PeriphClockCmd
 .text.__libc_init_array
                0x080015cc       0x7c ./libs/CMSIS/src/startup_cm.o
                0x080015cc                __libc_init_array
 .text.__libc_fini_array
                0x08001648       0x44 ./libs/CMSIS/src/startup_cm.o
                0x08001648                __libc_fini_array
 .text._exit    0x0800168c        0xc ./libs/CMSIS/src/startup_stm32f4xx.o
                0x0800168c                _exit
 .text.SystemInit
                0x08001698       0x6c ./libs/CMSIS/src/system_stm32f4xx.o
                0x08001698                SystemInit
 .text.SetSysClock
                0x08001704      0x134 ./libs/CMSIS/src/system_stm32f4xx.o
 .text._ZNK10__cxxabiv117__class_type_info11__do_upcastEPKS0_PPv
                0x08001838       0x38 /home/phalt/CS/Sourcery_CodeBench_Lite_for_ARM_EABI/bin/../lib/gcc/arm-none-eabi/4.7.3/../../../../arm-none-eabi/lib/thumb2/libstdc++.a(class_type_info.o)
                0x08001838                __cxxabiv1::__class_type_info::__do_upcast(__cxxabiv1::__class_type_info const*, void**) const
 .text._ZNK10__cxxabiv117__class_type_info20__do_find_public_srcEiPKvPKS0_S2_
                0x08001870        0xc /home/phalt/CS/Sourcery_CodeBench_Lite_for_ARM_EABI/bin/../lib/gcc/arm-none-eabi/4.7.3/../../../../arm-none-eabi/lib/thumb2/libstdc++.a(class_type_info.o)
                0x08001870                __cxxabiv1::__class_type_info::__do_find_public_src(int, void const*, __cxxabiv1::__class_type_info const*, void const*) const
 .text._ZNK10__cxxabiv117__class_type_info11__do_upcastEPKS0_PKvRNS0_15__upcast_resultE
                0x0800187c       0x1c /home/phalt/CS/Sourcery_CodeBench_Lite_for_ARM_EABI/bin/../lib/gcc/arm-none-eabi/4.7.3/../../../../arm-none-eabi/lib/thumb2/libstdc++.a(class_type_info.o)
                0x0800187c                __cxxabiv1::__class_type_info::__do_upcast(__cxxabiv1::__class_type_info const*, void const*, __cxxabiv1::__class_type_info::__upcast_result&) const
 .text._ZN10__cxxabiv117__class_type_infoD2Ev
                0x08001898       0x14 /home/phalt/CS/Sourcery_CodeBench_Lite_for_ARM_EABI/bin/../lib/gcc/arm-none-eabi/4.7.3/../../../../arm-none-eabi/lib/thumb2/libstdc++.a(class_type_info.o)
                0x08001898                __cxxabiv1::__class_type_info::~__class_type_info()
                0x08001898                __cxxabiv1::__class_type_info::~__class_type_info()
 .text._ZN10__cxxabiv117__class_type_infoD0Ev
                0x080018ac       0x14 /home/phalt/CS/Sourcery_CodeBench_Lite_for_ARM_EABI/bin/../lib/gcc/arm-none-eabi/4.7.3/../../../../arm-none-eabi/lib/thumb2/libstdc++.a(class_type_info.o)
                0x080018ac                __cxxabiv1::__class_type_info::~__class_type_info()
 .text._ZNK10__cxxabiv117__class_type_info12__do_dyncastEiNS0_10__sub_kindEPKS0_PKvS3_S5_RNS0_16__dyncast_resultE
                0x080018c0       0x40 /home/phalt/CS/Sourcery_CodeBench_Lite_for_ARM_EABI/bin/../lib/gcc/arm-none-eabi/4.7.3/../../../../arm-none-eabi/lib/thumb2/libstdc++.a(class_type_info.o)
                0x080018c0                __cxxabiv1::__class_type_info::__do_dyncast(int, __cxxabiv1::__class_type_info::__sub_kind, __cxxabiv1::__class_type_info const*, void const*, __cxxabiv1::__class_type_info const*, void const*, __cxxabiv1::__class_type_info::__dyncast_result&) const
 .text._ZNK10__cxxabiv117__class_type_info10__do_catchEPKSt9type_infoPPvj
                0x08001900       0x28 /home/phalt/CS/Sourcery_CodeBench_Lite_for_ARM_EABI/bin/../lib/gcc/arm-none-eabi/4.7.3/../../../../arm-none-eabi/lib/thumb2/libstdc++.a(class_type_info.o)
                0x08001900                __cxxabiv1::__class_type_info::__do_catch(std::type_info const*, void**, unsigned int) const
 .text._ZNK10__cxxabiv120__si_class_type_info12__do_dyncastEiNS_17__class_type_info10__sub_kindEPKS1_PKvS4_S6_RNS1_16__dyncast_resultE
                0x08001928       0x90 /home/phalt/CS/Sourcery_CodeBench_Lite_for_ARM_EABI/bin/../lib/gcc/arm-none-eabi/4.7.3/../../../../arm-none-eabi/lib/thumb2/libstdc++.a(si_class_type_info.o)
                0x08001928                __cxxabiv1::__si_class_type_info::__do_dyncast(int, __cxxabiv1::__class_type_info::__sub_kind, __cxxabiv1::__class_type_info const*, void const*, __cxxabiv1::__class_type_info const*, void const*, __cxxabiv1::__class_type_info::__dyncast_result&) const
 .text._ZN10__cxxabiv120__si_class_type_infoD2Ev
                0x080019b8       0x14 /home/phalt/CS/Sourcery_CodeBench_Lite_for_ARM_EABI/bin/../lib/gcc/arm-none-eabi/4.7.3/../../../../arm-none-eabi/lib/thumb2/libstdc++.a(si_class_type_info.o)
                0x080019b8                __cxxabiv1::__si_class_type_info::~__si_class_type_info()
                0x080019b8                __cxxabiv1::__si_class_type_info::~__si_class_type_info()
 .text._ZN10__cxxabiv120__si_class_type_infoD0Ev
                0x080019cc       0x14 /home/phalt/CS/Sourcery_CodeBench_Lite_for_ARM_EABI/bin/../lib/gcc/arm-none-eabi/4.7.3/../../../../arm-none-eabi/lib/thumb2/libstdc++.a(si_class_type_info.o)
                0x080019cc                __cxxabiv1::__si_class_type_info::~__si_class_type_info()
 .text._ZNK10__cxxabiv120__si_class_type_info20__do_find_public_srcEiPKvPKNS_17__class_type_infoES2_
                0x080019e0       0x38 /home/phalt/CS/Sourcery_CodeBench_Lite_for_ARM_EABI/bin/../lib/gcc/arm-none-eabi/4.7.3/../../../../arm-none-eabi/lib/thumb2/libstdc++.a(si_class_type_info.o)
                0x080019e0                __cxxabiv1::__si_class_type_info::__do_find_public_src(int, void const*, __cxxabiv1::__class_type_info const*, void const*) const
 .text._ZNK10__cxxabiv120__si_class_type_info11__do_upcastEPKNS_17__class_type_infoEPKvRNS1_15__upcast_resultE
                0x08001a18       0x28 /home/phalt/CS/Sourcery_CodeBench_Lite_for_ARM_EABI/bin/../lib/gcc/arm-none-eabi/4.7.3/../../../../arm-none-eabi/lib/thumb2/libstdc++.a(si_class_type_info.o)
                0x08001a18                __cxxabiv1::__si_class_type_info::__do_upcast(__cxxabiv1::__class_type_info const*, void const*, __cxxabiv1::__class_type_info::__upcast_result&) const
 .text.__cxa_end_cleanup
                0x08001a40        0xc /home/phalt/CS/Sourcery_CodeBench_Lite_for_ARM_EABI/bin/../lib/gcc/arm-none-eabi/4.7.3/../../../../arm-none-eabi/lib/thumb2/libstdc++.a(eh_arm.o)
                0x08001a40                __cxa_end_cleanup
 .text.__cxa_type_match
                0x08001a4c       0xb4 /home/phalt/CS/Sourcery_CodeBench_Lite_for_ARM_EABI/bin/../lib/gcc/arm-none-eabi/4.7.3/../../../../arm-none-eabi/lib/thumb2/libstdc++.a(eh_arm.o)
                0x08001a4c                __cxa_type_match
 .text.__cxa_begin_cleanup
                0x08001b00       0x64 /home/phalt/CS/Sourcery_CodeBench_Lite_for_ARM_EABI/bin/../lib/gcc/arm-none-eabi/4.7.3/../../../../arm-none-eabi/lib/thumb2/libstdc++.a(eh_arm.o)
                0x08001b00                __cxa_begin_cleanup
 .text.__gnu_end_cleanup
                0x08001b64       0x74 /home/phalt/CS/Sourcery_CodeBench_Lite_for_ARM_EABI/bin/../lib/gcc/arm-none-eabi/4.7.3/../../../../arm-none-eabi/lib/thumb2/libstdc++.a(eh_arm.o)
                0x08001b64                __gnu_end_cleanup
 .text._Znwj    0x08001bd8       0x5c /home/phalt/CS/Sourcery_CodeBench_Lite_for_ARM_EABI/bin/../lib/gcc/arm-none-eabi/4.7.3/../../../../arm-none-eabi/lib/thumb2/libstdc++.a(new_op.o)
                0x08001bd8                operator new(unsigned int)
 .text._ZL12read_sleb128PKhPl
                0x08001c34       0x3c /home/phalt/CS/Sourcery_CodeBench_Lite_for_ARM_EABI/bin/../lib/gcc/arm-none-eabi/4.7.3/../../../../arm-none-eabi/lib/thumb2/libstdc++.a(eh_personality.o)
 .text._ZL28read_encoded_value_with_basehjPKhPj
                0x08001c70       0xb4 /home/phalt/CS/Sourcery_CodeBench_Lite_for_ARM_EABI/bin/../lib/gcc/arm-none-eabi/4.7.3/../../../../arm-none-eabi/lib/thumb2/libstdc++.a(eh_personality.o)
 .text._ZL21base_of_encoded_valuehP15_Unwind_Context
                0x08001d24       0x4c /home/phalt/CS/Sourcery_CodeBench_Lite_for_ARM_EABI/bin/../lib/gcc/arm-none-eabi/4.7.3/../../../../arm-none-eabi/lib/thumb2/libstdc++.a(eh_personality.o)
 .text._ZL17parse_lsda_headerP15_Unwind_ContextPKhP16lsda_header_info
                0x08001d70       0x8c /home/phalt/CS/Sourcery_CodeBench_Lite_for_ARM_EABI/bin/../lib/gcc/arm-none-eabi/4.7.3/../../../../arm-none-eabi/lib/thumb2/libstdc++.a(eh_personality.o)
 .text.__gxx_personality_v0
                0x08001dfc      0x420 /home/phalt/CS/Sourcery_CodeBench_Lite_for_ARM_EABI/bin/../lib/gcc/arm-none-eabi/4.7.3/../../../../arm-none-eabi/lib/thumb2/libstdc++.a(eh_personality.o)
                0x08001dfc                __gxx_personality_v0
 .text._ZdlPv   0x0800221c        0x8 /home/phalt/CS/Sourcery_CodeBench_Lite_for_ARM_EABI/bin/../lib/gcc/arm-none-eabi/4.7.3/../../../../arm-none-eabi/lib/thumb2/libstdc++.a(del_op.o)
                0x0800221c                operator delete(void*)
 .text._ZNKSt9bad_alloc4whatEv
                0x08002224        0xc /home/phalt/CS/Sourcery_CodeBench_Lite_for_ARM_EABI/bin/../lib/gcc/arm-none-eabi/4.7.3/../../../../arm-none-eabi/lib/thumb2/libstdc++.a(bad_alloc.o)
                0x08002224                std::bad_alloc::what() const
 .text._ZNSt9bad_allocD2Ev
                0x08002230       0x14 /home/phalt/CS/Sourcery_CodeBench_Lite_for_ARM_EABI/bin/../lib/gcc/arm-none-eabi/4.7.3/../../../../arm-none-eabi/lib/thumb2/libstdc++.a(bad_alloc.o)
                0x08002230                std::bad_alloc::~bad_alloc()
                0x08002230                std::bad_alloc::~bad_alloc()
 .text._ZNSt9bad_allocD0Ev
                0x08002244       0x14 /home/phalt/CS/Sourcery_CodeBench_Lite_for_ARM_EABI/bin/../lib/gcc/arm-none-eabi/4.7.3/../../../../arm-none-eabi/lib/thumb2/libstdc++.a(bad_alloc.o)
                0x08002244                std::bad_alloc::~bad_alloc()
 .text.__cxa_allocate_exception
                0x08002258       0x70 /home/phalt/CS/Sourcery_CodeBench_Lite_for_ARM_EABI/bin/../lib/gcc/arm-none-eabi/4.7.3/../../../../arm-none-eabi/lib/thumb2/libstdc++.a(eh_alloc.o)
                0x08002258                __cxa_allocate_exception
 .text.__cxa_free_exception
                0x080022c8       0x38 /home/phalt/CS/Sourcery_CodeBench_Lite_for_ARM_EABI/bin/../lib/gcc/arm-none-eabi/4.7.3/../../../../arm-none-eabi/lib/thumb2/libstdc++.a(eh_alloc.o)
                0x080022c8                __cxa_free_exception
 .text.__cxa_begin_catch
                0x08002300       0x8c /home/phalt/CS/Sourcery_CodeBench_Lite_for_ARM_EABI/bin/../lib/gcc/arm-none-eabi/4.7.3/../../../../arm-none-eabi/lib/thumb2/libstdc++.a(eh_catch.o)
                0x08002300                __cxa_begin_catch
 .text.__cxa_end_catch
                0x0800238c       0x8c /home/phalt/CS/Sourcery_CodeBench_Lite_for_ARM_EABI/bin/../lib/gcc/arm-none-eabi/4.7.3/../../../../arm-none-eabi/lib/thumb2/libstdc++.a(eh_catch.o)
                0x0800238c                __cxa_end_catch
 .text._ZN10__cxxabiv111__terminateEPFvvE
                0x08002418       0x28 /home/phalt/CS/Sourcery_CodeBench_Lite_for_ARM_EABI/bin/../lib/gcc/arm-none-eabi/4.7.3/../../../../arm-none-eabi/lib/thumb2/libstdc++.a(eh_terminate.o)
                0x08002418                __cxxabiv1::__terminate(void (*)())
 .text._ZSt9terminatev
                0x08002440       0x10 /home/phalt/CS/Sourcery_CodeBench_Lite_for_ARM_EABI/bin/../lib/gcc/arm-none-eabi/4.7.3/../../../../arm-none-eabi/lib/thumb2/libstdc++.a(eh_terminate.o)
                0x08002440                std::terminate()
 .text._ZN10__cxxabiv112__unexpectedEPFvvE
                0x08002450        0x8 /home/phalt/CS/Sourcery_CodeBench_Lite_for_ARM_EABI/bin/../lib/gcc/arm-none-eabi/4.7.3/../../../../arm-none-eabi/lib/thumb2/libstdc++.a(eh_terminate.o)
                0x08002450                __cxxabiv1::__unexpected(void (*)())
 .text._ZSt10unexpectedv
                0x08002458       0x10 /home/phalt/CS/Sourcery_CodeBench_Lite_for_ARM_EABI/bin/../lib/gcc/arm-none-eabi/4.7.3/../../../../arm-none-eabi/lib/thumb2/libstdc++.a(eh_terminate.o)
                0x08002458                std::unexpected()
 .text._ZNSt9type_infoD2Ev
                0x08002468        0xc /home/phalt/CS/Sourcery_CodeBench_Lite_for_ARM_EABI/bin/../lib/gcc/arm-none-eabi/4.7.3/../../../../arm-none-eabi/lib/thumb2/libstdc++.a(tinfo.o)
                0x08002468                std::type_info::~type_info()
                0x08002468                std::type_info::~type_info()
 .text._ZNKSt9type_info14__is_pointer_pEv
                0x08002474        0x4 /home/phalt/CS/Sourcery_CodeBench_Lite_for_ARM_EABI/bin/../lib/gcc/arm-none-eabi/4.7.3/../../../../arm-none-eabi/lib/thumb2/libstdc++.a(tinfo.o)
                0x08002474                std::type_info::__is_pointer_p() const
 .text._ZNKSt9type_info15__is_function_pEv
                0x08002478        0x4 /home/phalt/CS/Sourcery_CodeBench_Lite_for_ARM_EABI/bin/../lib/gcc/arm-none-eabi/4.7.3/../../../../arm-none-eabi/lib/thumb2/libstdc++.a(tinfo.o)
                0x08002478                std::type_info::__is_function_p() const
 .text._ZNKSt9type_info11__do_upcastEPKN10__cxxabiv117__class_type_infoEPPv
                0x0800247c        0x4 /home/phalt/CS/Sourcery_CodeBench_Lite_for_ARM_EABI/bin/../lib/gcc/arm-none-eabi/4.7.3/../../../../arm-none-eabi/lib/thumb2/libstdc++.a(tinfo.o)
                0x0800247c                std::type_info::__do_upcast(__cxxabiv1::__class_type_info const*, void**) const
 .text._ZNSt9type_infoD0Ev
                0x08002480       0x14 /home/phalt/CS/Sourcery_CodeBench_Lite_for_ARM_EABI/bin/../lib/gcc/arm-none-eabi/4.7.3/../../../../arm-none-eabi/lib/thumb2/libstdc++.a(tinfo.o)
                0x08002480                std::type_info::~type_info()
 .text._ZNKSt9type_infoeqERKS_
                0x08002494       0x28 /home/phalt/CS/Sourcery_CodeBench_Lite_for_ARM_EABI/bin/../lib/gcc/arm-none-eabi/4.7.3/../../../../arm-none-eabi/lib/thumb2/libstdc++.a(tinfo.o)
                0x08002494                std::type_info::operator==(std::type_info const&) const
 .text._ZNKSt9type_info10__do_catchEPKS_PPvj
                0x080024bc        0x4 /home/phalt/CS/Sourcery_CodeBench_Lite_for_ARM_EABI/bin/../lib/gcc/arm-none-eabi/4.7.3/../../../../arm-none-eabi/lib/thumb2/libstdc++.a(tinfo.o)
                0x080024bc                std::type_info::__do_catch(std::type_info const*, void**, unsigned int) const
 .text.__cxa_get_globals_fast
                0x080024c0        0xc /home/phalt/CS/Sourcery_CodeBench_Lite_for_ARM_EABI/bin/../lib/gcc/arm-none-eabi/4.7.3/../../../../arm-none-eabi/lib/thumb2/libstdc++.a(eh_globals.o)
                0x080024c0                __cxa_get_globals_fast
 .text.__cxa_get_globals
                0x080024cc        0xc /home/phalt/CS/Sourcery_CodeBench_Lite_for_ARM_EABI/bin/../lib/gcc/arm-none-eabi/4.7.3/../../../../arm-none-eabi/lib/thumb2/libstdc++.a(eh_globals.o)
                0x080024cc                __cxa_get_globals
 .text._ZN10__cxxabiv1L24__is_gxx_exception_classEPc
                0x080024d8       0x3c /home/phalt/CS/Sourcery_CodeBench_Lite_for_ARM_EABI/bin/../lib/gcc/arm-none-eabi/4.7.3/../../../../arm-none-eabi/lib/thumb2/libstdc++.a(eh_call.o)
 .text.__cxa_call_terminate
                0x08002514       0x20 /home/phalt/CS/Sourcery_CodeBench_Lite_for_ARM_EABI/bin/../lib/gcc/arm-none-eabi/4.7.3/../../../../arm-none-eabi/lib/thumb2/libstdc++.a(eh_call.o)
                0x08002514                __cxa_call_terminate
 .text.__cxa_call_unexpected
                0x08002534       0xf0 /home/phalt/CS/Sourcery_CodeBench_Lite_for_ARM_EABI/bin/../lib/gcc/arm-none-eabi/4.7.3/../../../../arm-none-eabi/lib/thumb2/libstdc++.a(eh_call.o)
                0x08002534                __cxa_call_unexpected
 .text._ZL23__gxx_exception_cleanup19_Unwind_Reason_CodeP21_Unwind_Control_Block
                0x08002624       0x44 /home/phalt/CS/Sourcery_CodeBench_Lite_for_ARM_EABI/bin/../lib/gcc/arm-none-eabi/4.7.3/../../../../arm-none-eabi/lib/thumb2/libstdc++.a(eh_throw.o)
 .text.__cxa_throw
                0x08002668       0x7c /home/phalt/CS/Sourcery_CodeBench_Lite_for_ARM_EABI/bin/../lib/gcc/arm-none-eabi/4.7.3/../../../../arm-none-eabi/lib/thumb2/libstdc++.a(eh_throw.o)
                0x08002668                __cxa_throw
 .text.__cxa_rethrow
                0x080026e4       0x70 /home/phalt/CS/Sourcery_CodeBench_Lite_for_ARM_EABI/bin/../lib/gcc/arm-none-eabi/4.7.3/../../../../arm-none-eabi/lib/thumb2/libstdc++.a(eh_throw.o)
                0x080026e4                __cxa_rethrow
 .text._ZNSt9exceptionD2Ev
                0x08002754        0xc /home/phalt/CS/Sourcery_CodeBench_Lite_for_ARM_EABI/bin/../lib/gcc/arm-none-eabi/4.7.3/../../../../arm-none-eabi/lib/thumb2/libstdc++.a(eh_exception.o)
                0x08002754                std::exception::~exception()
                0x08002754                std::exception::~exception()
 .text._ZNSt13bad_exceptionD2Ev
                0x08002760        0xc /home/phalt/CS/Sourcery_CodeBench_Lite_for_ARM_EABI/bin/../lib/gcc/arm-none-eabi/4.7.3/../../../../arm-none-eabi/lib/thumb2/libstdc++.a(eh_exception.o)
                0x08002760                std::bad_exception::~bad_exception()
                0x08002760                std::bad_exception::~bad_exception()
 .text._ZNKSt9exception4whatEv
                0x0800276c        0xc /home/phalt/CS/Sourcery_CodeBench_Lite_for_ARM_EABI/bin/../lib/gcc/arm-none-eabi/4.7.3/../../../../arm-none-eabi/lib/thumb2/libstdc++.a(eh_exception.o)
                0x0800276c                std::exception::what() const
 .text._ZNKSt13bad_exception4whatEv
                0x08002778        0xc /home/phalt/CS/Sourcery_CodeBench_Lite_for_ARM_EABI/bin/../lib/gcc/arm-none-eabi/4.7.3/../../../../arm-none-eabi/lib/thumb2/libstdc++.a(eh_exception.o)
                0x08002778                std::bad_exception::what() const
 .text._ZNSt9exceptionD0Ev
                0x08002784       0x14 /home/phalt/CS/Sourcery_CodeBench_Lite_for_ARM_EABI/bin/../lib/gcc/arm-none-eabi/4.7.3/../../../../arm-none-eabi/lib/thumb2/libstdc++.a(eh_exception.o)
                0x08002784                std::exception::~exception()
 .text._ZNSt13bad_exceptionD0Ev
                0x08002798       0x14 /home/phalt/CS/Sourcery_CodeBench_Lite_for_ARM_EABI/bin/../lib/gcc/arm-none-eabi/4.7.3/../../../../arm-none-eabi/lib/thumb2/libstdc++.a(eh_exception.o)
                0x08002798                std::bad_exception::~bad_exception()
 .text._ZN9__gnu_cxx27__verbose_terminate_handlerEv
                0x080027ac      0x12c /home/phalt/CS/Sourcery_CodeBench_Lite_for_ARM_EABI/bin/../lib/gcc/arm-none-eabi/4.7.3/../../../../arm-none-eabi/lib/thumb2/libstdc++.a(vterminate.o)
                0x080027ac                __gnu_cxx::__verbose_terminate_handler()
 .text.__cxa_current_exception_type
                0x080028d8       0x1c /home/phalt/CS/Sourcery_CodeBench_Lite_for_ARM_EABI/bin/../lib/gcc/arm-none-eabi/4.7.3/../../../../arm-none-eabi/lib/thumb2/libstdc++.a(eh_type.o)
                0x080028d8                __cxa_current_exception_type
 .text          0x080028f4     0x52b8 /home/phalt/CS/Sourcery_CodeBench_Lite_for_ARM_EABI/bin/../lib/gcc/arm-none-eabi/4.7.3/../../../../arm-none-eabi/lib/thumb2/libstdc++.a(cp-demangle.o)
                0x08007abc                __cxa_demangle
                0x08007b8c                __gcclibcxx_demangle_callback
 .text          0x08007bac      0xa34 /home/phalt/CS/Sourcery_CodeBench_Lite_for_ARM_EABI/bin/../lib/gcc/arm-none-eabi/4.7.3/thumb2/libgcc.a(unwind-arm.o)
                0x08007e84                _Unwind_GetCFA
                0x08007e88                __gnu_Unwind_RaiseException
                0x08007ee8                __gnu_Unwind_ForcedUnwind
                0x08007f00                __gnu_Unwind_Resume
                0x08007f44                __gnu_Unwind_Resume_or_Rethrow
                0x08007f5c                _Unwind_Complete
                0x08007f60                _Unwind_DeleteException
                0x08007f70                _Unwind_VRS_Get
                0x08007fb8                _Unwind_VRS_Set
                0x080082ec                __aeabi_unwind_cpp_pr2
                0x080082f4                __aeabi_unwind_cpp_pr1
                0x080082fc                __aeabi_unwind_cpp_pr0
                0x08008304                __gnu_Unwind_Backtrace
                0x08008374                _Unwind_VRS_Pop
 .text          0x080085e0      0x1ac /home/phalt/CS/Sourcery_CodeBench_Lite_for_ARM_EABI/bin/../lib/gcc/arm-none-eabi/4.7.3/thumb2/libgcc.a(libunwind.o)
                0x080085e0                __restore_core_regs
                0x080085e0                restore_core_regs
                0x080085f8                __gnu_Unwind_Restore_VFP
                0x08008600                __gnu_Unwind_Save_VFP
                0x08008608                __gnu_Unwind_Restore_VFP_D
                0x08008610                __gnu_Unwind_Save_VFP_D
                0x08008618                __gnu_Unwind_Restore_VFP_D_16_to_31
                0x08008620                __gnu_Unwind_Save_VFP_D_16_to_31
                0x08008628                __gnu_Unwind_Restore_WMMXD
                0x0800866c                __gnu_Unwind_Save_WMMXD
                0x080086b0                __gnu_Unwind_Restore_WMMXC
                0x080086c4                __gnu_Unwind_Save_WMMXC
                0x080086d8                ___Unwind_RaiseException
                0x080086d8                _Unwind_RaiseException
                0x080086fc                ___Unwind_Resume
                0x080086fc                _Unwind_Resume
                0x08008720                _Unwind_Resume_or_Rethrow
                0x08008720                ___Unwind_Resume_or_Rethrow
                0x08008744                ___Unwind_ForcedUnwind
                0x08008744                _Unwind_ForcedUnwind
                0x08008768                _Unwind_Backtrace
                0x08008768                ___Unwind_Backtrace
 .text          0x0800878c      0x3a8 /home/phalt/CS/Sourcery_CodeBench_Lite_for_ARM_EABI/bin/../lib/gcc/arm-none-eabi/4.7.3/thumb2/libgcc.a(pr-support.o)
                0x080087dc                __gnu_unwind_execute
                0x08008ad8                __gnu_unwind_frame
                0x08008b04                _Unwind_GetRegionStart
                0x08008b10                _Unwind_GetLanguageSpecificData
                0x08008b24                _Unwind_GetDataRelBase
                0x08008b2c                _Unwind_GetTextRelBase
 .text          0x08008b34       0x10 /home/phalt/CS/Sourcery_CodeBench_Lite_for_ARM_EABI/bin/../lib/gcc/arm-none-eabi/4.7.3/../../../../arm-none-eabi/lib/thumb2/libc.a(lib_a-abort.o)
                0x08008b34                abort
 .text          0x08008b44        0xc /home/phalt/CS/Sourcery_CodeBench_Lite_for_ARM_EABI/bin/../lib/gcc/arm-none-eabi/4.7.3/../../../../arm-none-eabi/lib/thumb2/libc.a(lib_a-errno.o)
                0x08008b44                __errno
 .text          0x08008b50       0xac /home/phalt/CS/Sourcery_CodeBench_Lite_for_ARM_EABI/bin/../lib/gcc/arm-none-eabi/4.7.3/../../../../arm-none-eabi/lib/thumb2/libc.a(lib_a-fputc.o)
                0x08008b50                _fputc_r
                0x08008ba4                fputc
 .text          0x08008bfc       0x94 /home/phalt/CS/Sourcery_CodeBench_Lite_for_ARM_EABI/bin/../lib/gcc/arm-none-eabi/4.7.3/../../../../arm-none-eabi/lib/thumb2/libc.a(lib_a-fputs.o)
                0x08008bfc                _fputs_r
                0x08008c7c                fputs
 .text          0x08008c90      0x31c /home/phalt/CS/Sourcery_CodeBench_Lite_for_ARM_EABI/bin/../lib/gcc/arm-none-eabi/4.7.3/../../../../arm-none-eabi/lib/thumb2/libc.a(lib_a-fvwrite.o)
                0x08008c90                __sfvwrite_r
 .text          0x08008fac       0xc0 /home/phalt/CS/Sourcery_CodeBench_Lite_for_ARM_EABI/bin/../lib/gcc/arm-none-eabi/4.7.3/../../../../arm-none-eabi/lib/thumb2/libc.a(lib_a-fwrite.o)
                0x08008fac                _fwrite_r
                0x08009048                fwrite
 .text          0x0800906c       0x20 /home/phalt/CS/Sourcery_CodeBench_Lite_for_ARM_EABI/bin/../lib/gcc/arm-none-eabi/4.7.3/../../../../arm-none-eabi/lib/thumb2/libc.a(lib_a-malloc.o)
                0x0800906c                malloc
                0x0800907c                free
 .text          0x0800908c      0x598 /home/phalt/CS/Sourcery_CodeBench_Lite_for_ARM_EABI/bin/../lib/gcc/arm-none-eabi/4.7.3/../../../../arm-none-eabi/lib/thumb2/libc.a(lib_a-mallocr.o)
                0x0800908c                _malloc_r
 .text          0x08009624       0x94 /home/phalt/CS/Sourcery_CodeBench_Lite_for_ARM_EABI/bin/../lib/gcc/arm-none-eabi/4.7.3/../../../../arm-none-eabi/lib/thumb2/libc.a(lib_a-memchr.o)
                0x08009624                memchr
 .text          0x080096b8       0x64 /home/phalt/CS/Sourcery_CodeBench_Lite_for_ARM_EABI/bin/../lib/gcc/arm-none-eabi/4.7.3/../../../../arm-none-eabi/lib/thumb2/libc.a(lib_a-memcmp.o)
                0x080096b8                memcmp
 .text          0x0800971c      0x174 /home/phalt/CS/Sourcery_CodeBench_Lite_for_ARM_EABI/bin/../lib/gcc/arm-none-eabi/4.7.3/../../../../arm-none-eabi/lib/thumb2/libc.a(lib_a-memcpy.o)
                0x0800971c                memcpy
 .text          0x08009890       0xcc /home/phalt/CS/Sourcery_CodeBench_Lite_for_ARM_EABI/bin/../lib/gcc/arm-none-eabi/4.7.3/../../../../arm-none-eabi/lib/thumb2/libc.a(lib_a-memmove.o)
                0x08009890                memmove
 .text          0x0800995c       0xcc /home/phalt/CS/Sourcery_CodeBench_Lite_for_ARM_EABI/bin/../lib/gcc/arm-none-eabi/4.7.3/../../../../arm-none-eabi/lib/thumb2/libc.a(lib_a-memset.o)
                0x0800995c                memset
 .text          0x08009a28        0x8 /home/phalt/CS/Sourcery_CodeBench_Lite_for_ARM_EABI/bin/../lib/gcc/arm-none-eabi/4.7.3/../../../../arm-none-eabi/lib/thumb2/libc.a(lib_a-mlock.o)
                0x08009a28                __malloc_lock
                0x08009a2c                __malloc_unlock
 .text          0x08009a30      0x138 /home/phalt/CS/Sourcery_CodeBench_Lite_for_ARM_EABI/bin/../lib/gcc/arm-none-eabi/4.7.3/../../../../arm-none-eabi/lib/thumb2/libc.a(lib_a-putc.o)
                0x08009a30                _putc_r
                0x08009ac0                putc
 .text          0x08009b68       0x14 /home/phalt/CS/Sourcery_CodeBench_Lite_for_ARM_EABI/bin/../lib/gcc/arm-none-eabi/4.7.3/../../../../arm-none-eabi/lib/thumb2/libc.a(lib_a-realloc.o)
                0x08009b68                realloc
 .text          0x08009b7c      0x3cc /home/phalt/CS/Sourcery_CodeBench_Lite_for_ARM_EABI/bin/../lib/gcc/arm-none-eabi/4.7.3/../../../../arm-none-eabi/lib/thumb2/libc.a(lib_a-reallocr.o)
                0x08009b7c                _realloc_r
 .text          0x08009f48       0x28 /home/phalt/CS/Sourcery_CodeBench_Lite_for_ARM_EABI/bin/../lib/gcc/arm-none-eabi/4.7.3/../../../../arm-none-eabi/lib/thumb2/libc.a(lib_a-sbrkr.o)
                0x08009f48                _sbrk_r
 .text          0x08009f70      0x150 /home/phalt/CS/Sourcery_CodeBench_Lite_for_ARM_EABI/bin/../lib/gcc/arm-none-eabi/4.7.3/../../../../arm-none-eabi/lib/thumb2/libc.a(lib_a-signal.o)
                0x08009f70                _init_signal_r
                0x08009fa0                _signal_r
                0x08009fdc                _raise_r
                0x0800a030                __sigtramp_r
                0x0800a07c                raise
                0x0800a08c                signal
                0x0800a0a0                _init_signal
                0x0800a0b0                __sigtramp
 .text          0x0800a0c0       0x2c /home/phalt/CS/Sourcery_CodeBench_Lite_for_ARM_EABI/bin/../lib/gcc/arm-none-eabi/4.7.3/../../../../arm-none-eabi/lib/thumb2/libc.a(lib_a-signalr.o)
                0x0800a0c0                _kill_r
                0x0800a0e8                _getpid_r
 .text          0x0800a0ec       0x94 /home/phalt/CS/Sourcery_CodeBench_Lite_for_ARM_EABI/bin/../lib/gcc/arm-none-eabi/4.7.3/../../../../arm-none-eabi/lib/thumb2/libc.a(lib_a-sprintf.o)
                0x0800a0ec                _sprintf_r
                0x0800a130                sprintf
 .text          0x0800a180      0x1dc /home/phalt/CS/Sourcery_CodeBench_Lite_for_ARM_EABI/bin/../lib/gcc/arm-none-eabi/4.7.3/../../../../arm-none-eabi/lib/thumb2/libc.a(lib_a-strcmp.o)
                0x0800a180                strcmp
 .text          0x0800a35c       0x60 /home/phalt/CS/Sourcery_CodeBench_Lite_for_ARM_EABI/bin/../lib/gcc/arm-none-eabi/4.7.3/../../../../arm-none-eabi/lib/thumb2/libc.a(lib_a-strlen.o)
                0x0800a35c                strlen
 .text          0x0800a3bc       0xac /home/phalt/CS/Sourcery_CodeBench_Lite_for_ARM_EABI/bin/../lib/gcc/arm-none-eabi/4.7.3/../../../../arm-none-eabi/lib/thumb2/libc.a(lib_a-strncmp.o)
                0x0800a3bc                strncmp
 .text          0x0800a468     0x1538 /home/phalt/CS/Sourcery_CodeBench_Lite_for_ARM_EABI/bin/../lib/gcc/arm-none-eabi/4.7.3/../../../../arm-none-eabi/lib/thumb2/libc.a(lib_a-svfprintf.o)
                0x0800a468                _svfprintf_r
 .text          0x0800b9a0      0x100 /home/phalt/CS/Sourcery_CodeBench_Lite_for_ARM_EABI/bin/../lib/gcc/arm-none-eabi/4.7.3/../../../../arm-none-eabi/lib/thumb2/libc.a(lib_a-wbuf.o)
                0x0800b9a0                __swbuf_r
                0x0800ba8c                __swbuf
 .text          0x0800baa0       0x2c /home/phalt/CS/Sourcery_CodeBench_Lite_for_ARM_EABI/bin/../lib/gcc/arm-none-eabi/4.7.3/../../../../arm-none-eabi/lib/thumb2/libc.a(lib_a-writer.o)
                0x0800baa0                _write_r
 .text          0x0800bacc      0x104 /home/phalt/CS/Sourcery_CodeBench_Lite_for_ARM_EABI/bin/../lib/gcc/arm-none-eabi/4.7.3/../../../../arm-none-eabi/lib/thumb2/libc.a(lib_a-wsetup.o)
                0x0800bacc                __swsetup_r
 .text          0x0800bbd0     0x1068 /home/phalt/CS/Sourcery_CodeBench_Lite_for_ARM_EABI/bin/../lib/gcc/arm-none-eabi/4.7.3/../../../../arm-none-eabi/lib/thumb2/libc.a(lib_a-dtoa.o)
                0x0800bd08                _dtoa_r
 .text          0x0800cc38      0x1c0 /home/phalt/CS/Sourcery_CodeBench_Lite_for_ARM_EABI/bin/../lib/gcc/arm-none-eabi/4.7.3/../../../../arm-none-eabi/lib/thumb2/libc.a(lib_a-fflush.o)
                0x0800cc38                _fflush_r
                0x0800cdd0                fflush
 .text          0x0800cdf8      0x1c8 /home/phalt/CS/Sourcery_CodeBench_Lite_for_ARM_EABI/bin/../lib/gcc/arm-none-eabi/4.7.3/../../../../arm-none-eabi/lib/thumb2/libc.a(lib_a-findfp.o)
                0x0800ce00                _cleanup_r
                0x0800ce5c                __sfmoreglue
                0x0800ce8c                _cleanup
                0x0800ce9c                __sinit
                0x0800cef8                __sfp
                0x0800cf80                __sfp_lock_acquire
                0x0800cf84                __sfp_lock_release
                0x0800cf88                __sinit_lock_acquire
                0x0800cf8c                __sinit_lock_release
                0x0800cf90                __fp_lock_all
                0x0800cfa8                __fp_unlock_all
 .text          0x0800cfc0      0x238 /home/phalt/CS/Sourcery_CodeBench_Lite_for_ARM_EABI/bin/../lib/gcc/arm-none-eabi/4.7.3/../../../../arm-none-eabi/lib/thumb2/libc.a(lib_a-freer.o)
                0x0800cfc0                _malloc_trim_r
                0x0800d064                _free_r
 .text          0x0800d1f8       0xa0 /home/phalt/CS/Sourcery_CodeBench_Lite_for_ARM_EABI/bin/../lib/gcc/arm-none-eabi/4.7.3/../../../../arm-none-eabi/lib/thumb2/libc.a(lib_a-fwalk.o)
                0x0800d1f8                _fwalk
                0x0800d244                _fwalk_reent
 .text          0x0800d298       0x9c /home/phalt/CS/Sourcery_CodeBench_Lite_for_ARM_EABI/bin/../lib/gcc/arm-none-eabi/4.7.3/../../../../arm-none-eabi/lib/thumb2/libc.a(lib_a-locale.o)
                0x0800d298                _setlocale_r
                0x0800d2ec                __locale_charset
                0x0800d2f8                __locale_mb_cur_max
                0x0800d304                __locale_msgcharset
                0x0800d30c                __locale_cjk_lang
                0x0800d310                _localeconv_r
                0x0800d318                setlocale
                0x0800d32c                localeconv
 .text          0x0800d334       0xf0 /home/phalt/CS/Sourcery_CodeBench_Lite_for_ARM_EABI/bin/../lib/gcc/arm-none-eabi/4.7.3/../../../../arm-none-eabi/lib/thumb2/libc.a(lib_a-makebuf.o)
                0x0800d334                __smakebuf_r
 .text          0x0800d424      0x910 /home/phalt/CS/Sourcery_CodeBench_Lite_for_ARM_EABI/bin/../lib/gcc/arm-none-eabi/4.7.3/../../../../arm-none-eabi/lib/thumb2/libc.a(lib_a-mprec.o)
                0x0800d424                _Balloc
                0x0800d490                _Bfree
                0x0800d4c8                __multadd
                0x0800d550                __s2b
                0x0800d5e8                __hi0bits
                0x0800d624                __lo0bits
                0x0800d680                __i2b
                0x0800d694                __multiply
                0x0800d7d0                __pow5mult
                0x0800d874                __lshift
                0x0800d928                __mcmp
                0x0800d964                __mdiff
                0x0800da50                __ulp
                0x0800da94                __b2d
                0x0800db44                __d2b
                0x0800dc00                __ratio
                0x0800dc60                _mprec_log10
                0x0800dc94                __copybits
                0x0800dcdc                __any_on
 .text          0x0800dd34       0x50 /home/phalt/CS/Sourcery_CodeBench_Lite_for_ARM_EABI/bin/../lib/gcc/arm-none-eabi/4.7.3/../../../../arm-none-eabi/lib/thumb2/libc.a(lib_a-s_fpclassify.o)
                0x0800dd34                __fpclassifyd
 .text          0x0800dd84       0x8c /home/phalt/CS/Sourcery_CodeBench_Lite_for_ARM_EABI/bin/../lib/gcc/arm-none-eabi/4.7.3/../../../../arm-none-eabi/lib/thumb2/libc.a(lib_a-stdio.o)
                0x0800dd84                __sread
                0x0800dda8                __seofread
                0x0800ddac                __swrite
                0x0800dde8                __sseek
                0x0800de08                __sclose
 .text          0x0800de10      0xbbc /home/phalt/CS/Sourcery_CodeBench_Lite_for_ARM_EABI/bin/../lib/gcc/arm-none-eabi/4.7.3/../../../../arm-none-eabi/lib/thumb2/libc.a(lib_a-svfiprintf.o)
                0x0800de10                __ssprint_r
                0x0800df1c                _svfiprintf_r
 .text          0x0800e9cc       0x60 /home/phalt/CS/Sourcery_CodeBench_Lite_for_ARM_EABI/bin/../lib/gcc/arm-none-eabi/4.7.3/../../../../arm-none-eabi/lib/thumb2/libc.a(lib_a-callocr.o)
                0x0800e9cc                _calloc_r
 .text          0x0800ea2c       0x28 /home/phalt/CS/Sourcery_CodeBench_Lite_for_ARM_EABI/bin/../lib/gcc/arm-none-eabi/4.7.3/../../../../arm-none-eabi/lib/thumb2/libc.a(lib_a-closer.o)
                0x0800ea2c                _close_r
 .text          0x0800ea54       0xc8 /home/phalt/CS/Sourcery_CodeBench_Lite_for_ARM_EABI/bin/../lib/gcc/arm-none-eabi/4.7.3/../../../../arm-none-eabi/lib/thumb2/libc.a(lib_a-fclose.o)
                0x0800ea54                _fclose_r
                0x0800eb0c                fclose
 .text          0x0800eb1c       0x28 /home/phalt/CS/Sourcery_CodeBench_Lite_for_ARM_EABI/bin/../lib/gcc/arm-none-eabi/4.7.3/../../../../arm-none-eabi/lib/thumb2/libc.a(lib_a-fstatr.o)
                0x0800eb1c                _fstat_r
 .text          0x0800eb44       0x28 /home/phalt/CS/Sourcery_CodeBench_Lite_for_ARM_EABI/bin/../lib/gcc/arm-none-eabi/4.7.3/../../../../arm-none-eabi/lib/thumb2/libc.a(lib_a-isattyr.o)
                0x0800eb44                _isatty_r
 .text          0x0800eb6c       0x2c /home/phalt/CS/Sourcery_CodeBench_Lite_for_ARM_EABI/bin/../lib/gcc/arm-none-eabi/4.7.3/../../../../arm-none-eabi/lib/thumb2/libc.a(lib_a-lseekr.o)
                0x0800eb6c                _lseek_r
 .text          0x0800eb98       0x2c /home/phalt/CS/Sourcery_CodeBench_Lite_for_ARM_EABI/bin/../lib/gcc/arm-none-eabi/4.7.3/../../../../arm-none-eabi/lib/thumb2/libc.a(lib_a-readr.o)
                0x0800eb98                _read_r
 *fill*         0x0800ebc4        0x4 
 .text          0x0800ebc8      0x278 /home/phalt/CS/Sourcery_CodeBench_Lite_for_ARM_EABI/bin/../lib/gcc/arm-none-eabi/4.7.3/thumb2/libgcc.a(_udivsi3.o)
                0x0800ebc8                __udivsi3
                0x0800ebc8                __aeabi_uidiv
                0x0800ee24                __aeabi_uidivmod
 .text          0x0800ee40        0x4 /home/phalt/CS/Sourcery_CodeBench_Lite_for_ARM_EABI/bin/../lib/gcc/arm-none-eabi/4.7.3/thumb2/libgcc.a(_dvmd_tls.o)
                0x0800ee40                __aeabi_ldiv0
                0x0800ee40                __aeabi_idiv0
 .text          0x0800ee44      0x370 /home/phalt/CS/Sourcery_CodeBench_Lite_for_ARM_EABI/bin/../lib/gcc/arm-none-eabi/4.7.3/thumb2/libgcc.a(_arm_addsubdf3.o)
                0x0800ee44                __aeabi_drsub
                0x0800ee4c                __aeabi_dsub
                0x0800ee4c                __subdf3
                0x0800ee50                __adddf3
                0x0800ee50                __aeabi_dadd
                0x0800f0c8                __aeabi_ui2d
                0x0800f0c8                __floatunsidf
                0x0800f0e8                __floatsidf
                0x0800f0e8                __aeabi_i2d
                0x0800f10c                __extendsfdf2
                0x0800f10c                __aeabi_f2d
                0x0800f148                __aeabi_ul2d
                0x0800f148                __floatundidf
                0x0800f158                __floatdidf
                0x0800f158                __aeabi_l2d
 .text          0x0800f1b4      0x424 /home/phalt/CS/Sourcery_CodeBench_Lite_for_ARM_EABI/bin/../lib/gcc/arm-none-eabi/4.7.3/thumb2/libgcc.a(_arm_muldivdf3.o)
                0x0800f1b4                __aeabi_dmul
                0x0800f1b4                __muldf3
                0x0800f408                __aeabi_ddiv
                0x0800f408                __divdf3
 .text          0x0800f5d8      0x110 /home/phalt/CS/Sourcery_CodeBench_Lite_for_ARM_EABI/bin/../lib/gcc/arm-none-eabi/4.7.3/thumb2/libgcc.a(_arm_cmpdf2.o)
                0x0800f5d8                __gtdf2
                0x0800f5d8                __gedf2
                0x0800f5e0                __ltdf2
                0x0800f5e0                __ledf2
                0x0800f5e8                __cmpdf2
                0x0800f5e8                __eqdf2
                0x0800f5e8                __nedf2
                0x0800f664                __aeabi_cdrcmple
                0x0800f674                __aeabi_cdcmple
                0x0800f674                __aeabi_cdcmpeq
                0x0800f684                __aeabi_dcmpeq
                0x0800f698                __aeabi_dcmplt
                0x0800f6ac                __aeabi_dcmple
                0x0800f6c0                __aeabi_dcmpge
                0x0800f6d4                __aeabi_dcmpgt
 .text          0x0800f6e8       0x50 /home/phalt/CS/Sourcery_CodeBench_Lite_for_ARM_EABI/bin/../lib/gcc/arm-none-eabi/4.7.3/thumb2/libgcc.a(_arm_fixdfsi.o)
                0x0800f6e8                __fixdfsi
                0x0800f6e8                __aeabi_d2iz
 .text          0x0800f738       0x2c /home/phalt/CS/Sourcery_CodeBench_Lite_for_ARM_EABI/bin/../lib/gcc/arm-none-eabi/4.7.3/thumb2/libgcc.a(_aeabi_uldivmod.o)
                0x0800f738                __aeabi_uldivmod
 .text          0x0800f764       0x60 /home/phalt/CS/Sourcery_CodeBench_Lite_for_ARM_EABI/bin/../lib/gcc/arm-none-eabi/4.7.3/thumb2/libgcc.a(bpabi.o)
                0x0800f764                __gnu_ldivmod_helper
                0x0800f794                __gnu_uldivmod_helper
 .text          0x0800f7c4      0x36c /home/phalt/CS/Sourcery_CodeBench_Lite_for_ARM_EABI/bin/../lib/gcc/arm-none-eabi/4.7.3/thumb2/libgcc.a(_divdi3.o)
                0x0800f7c4                __divdi3
 .text          0x0800fb30      0x314 /home/phalt/CS/Sourcery_CodeBench_Lite_for_ARM_EABI/bin/../lib/gcc/arm-none-eabi/4.7.3/thumb2/libgcc.a(_udivdi3.o)
                0x0800fb30                __udivdi3
 .text._close   0x0800fe44       0x18 /home/phalt/CS/Sourcery_CodeBench_Lite_for_ARM_EABI/bin/../lib/gcc/arm-none-eabi/4.7.3/../../../../arm-none-eabi/lib/libnosys.a(close.o)
                0x0800fe44                _close
 .text._fstat   0x0800fe5c       0x18 /home/phalt/CS/Sourcery_CodeBench_Lite_for_ARM_EABI/bin/../lib/gcc/arm-none-eabi/4.7.3/../../../../arm-none-eabi/lib/libnosys.a(fstat.o)
                0x0800fe5c                _fstat
 .text._getpid  0x0800fe74       0x18 /home/phalt/CS/Sourcery_CodeBench_Lite_for_ARM_EABI/bin/../lib/gcc/arm-none-eabi/4.7.3/../../../../arm-none-eabi/lib/libnosys.a(getpid.o)
                0x0800fe74                _getpid
 .text._isatty  0x0800fe8c       0x18 /home/phalt/CS/Sourcery_CodeBench_Lite_for_ARM_EABI/bin/../lib/gcc/arm-none-eabi/4.7.3/../../../../arm-none-eabi/lib/libnosys.a(isatty.o)
                0x0800fe8c                _isatty
 .text._kill    0x0800fea4       0x18 /home/phalt/CS/Sourcery_CodeBench_Lite_for_ARM_EABI/bin/../lib/gcc/arm-none-eabi/4.7.3/../../../../arm-none-eabi/lib/libnosys.a(kill.o)
                0x0800fea4                _kill
 .text._lseek   0x0800febc       0x18 /home/phalt/CS/Sourcery_CodeBench_Lite_for_ARM_EABI/bin/../lib/gcc/arm-none-eabi/4.7.3/../../../../arm-none-eabi/lib/libnosys.a(lseek.o)
                0x0800febc                _lseek
 .text._read    0x0800fed4       0x18 /home/phalt/CS/Sourcery_CodeBench_Lite_for_ARM_EABI/bin/../lib/gcc/arm-none-eabi/4.7.3/../../../../arm-none-eabi/lib/libnosys.a(read.o)
                0x0800fed4                _read
 *fill*         0x0800feec        0x4 
 .text._read.__stub
                0x0800fef0        0x8 linker stubs
 *(.rodata .rodata.*)
 .rodata        0x0800fef8       0x10 ./src/app.o
 *fill*         0x0800ff08        0x0 
 .rodata._ZTV7LEDTask
                0x0800ff08       0x18 ./src/ledtask.o
                0x0800ff08                vtable for LEDTask
 .rodata._ZTV4Task
                0x0800ff20       0x18 ./src/ledtask.o
                0x0800ff20                vtable for Task
 .rodata._ZTI7LEDTask
                0x0800ff38        0xc ./src/ledtask.o
                0x0800ff38                typeinfo for LEDTask
 .rodata._ZTS7LEDTask
                0x0800ff44        0xc ./src/ledtask.o
                0x0800ff44                typeinfo name for LEDTask
 .rodata._ZTS4Task
                0x0800ff50        0x8 ./src/ledtask.o
                0x0800ff50                typeinfo name for Task
 .rodata._ZTI4Task
                0x0800ff58        0x8 ./src/ledtask.o
                0x0800ff58                typeinfo for Task
 .rodata.heapSTRUCT_SIZE
                0x0800ff60        0x2 ./libs/freertos/heap_2.o
 *fill*         0x0800ff62        0x2 
 .rodata        0x0800ff64        0x8 ./libs/freertos/tasks.o
 *fill*         0x0800ff6c        0x4 
 .rodata._ZTVN10__cxxabiv117__class_type_infoE
                0x0800ff70       0x30 /home/phalt/CS/Sourcery_CodeBench_Lite_for_ARM_EABI/bin/../lib/gcc/arm-none-eabi/4.7.3/../../../../arm-none-eabi/lib/thumb2/libstdc++.a(class_type_info.o)
                0x0800ff70                vtable for __cxxabiv1::__class_type_info
 .rodata._ZTIN10__cxxabiv117__class_type_infoE
                0x0800ffa0        0xc /home/phalt/CS/Sourcery_CodeBench_Lite_for_ARM_EABI/bin/../lib/gcc/arm-none-eabi/4.7.3/../../../../arm-none-eabi/lib/thumb2/libstdc++.a(class_type_info.o)
                0x0800ffa0                typeinfo for __cxxabiv1::__class_type_info
 .rodata._ZTSN10__cxxabiv117__class_type_infoE
                0x0800ffac       0x24 /home/phalt/CS/Sourcery_CodeBench_Lite_for_ARM_EABI/bin/../lib/gcc/arm-none-eabi/4.7.3/../../../../arm-none-eabi/lib/thumb2/libstdc++.a(class_type_info.o)
                0x0800ffac                typeinfo name for __cxxabiv1::__class_type_info
 .rodata._ZTVN10__cxxabiv120__si_class_type_infoE
                0x0800ffd0       0x30 /home/phalt/CS/Sourcery_CodeBench_Lite_for_ARM_EABI/bin/../lib/gcc/arm-none-eabi/4.7.3/../../../../arm-none-eabi/lib/thumb2/libstdc++.a(si_class_type_info.o)
                0x0800ffd0                vtable for __cxxabiv1::__si_class_type_info
 .rodata._ZTIN10__cxxabiv120__si_class_type_infoE
                0x08010000        0xc /home/phalt/CS/Sourcery_CodeBench_Lite_for_ARM_EABI/bin/../lib/gcc/arm-none-eabi/4.7.3/../../../../arm-none-eabi/lib/thumb2/libstdc++.a(si_class_type_info.o)
                0x08010000                typeinfo for __cxxabiv1::__si_class_type_info
 .rodata._ZTSN10__cxxabiv120__si_class_type_infoE
                0x0801000c       0x28 /home/phalt/CS/Sourcery_CodeBench_Lite_for_ARM_EABI/bin/../lib/gcc/arm-none-eabi/4.7.3/../../../../arm-none-eabi/lib/thumb2/libstdc++.a(si_class_type_info.o)
                0x0801000c                typeinfo name for __cxxabiv1::__si_class_type_info
 *fill*         0x08010034        0x4 
 .rodata._ZTVSt9bad_alloc
                0x08010038       0x18 /home/phalt/CS/Sourcery_CodeBench_Lite_for_ARM_EABI/bin/../lib/gcc/arm-none-eabi/4.7.3/../../../../arm-none-eabi/lib/thumb2/libstdc++.a(bad_alloc.o)
                0x08010038                vtable for std::bad_alloc
 .rodata._ZTISt9bad_alloc
                0x08010050        0xc /home/phalt/CS/Sourcery_CodeBench_Lite_for_ARM_EABI/bin/../lib/gcc/arm-none-eabi/4.7.3/../../../../arm-none-eabi/lib/thumb2/libstdc++.a(bad_alloc.o)
                0x08010050                typeinfo for std::bad_alloc
 .rodata.str1.4
                0x0801005c        0xf /home/phalt/CS/Sourcery_CodeBench_Lite_for_ARM_EABI/bin/../lib/gcc/arm-none-eabi/4.7.3/../../../../arm-none-eabi/lib/thumb2/libstdc++.a(bad_alloc.o)
                                 0x10 (size before relaxing)
 *fill*         0x0801006b        0x1 
 .rodata._ZTSSt9bad_alloc
                0x0801006c       0x10 /home/phalt/CS/Sourcery_CodeBench_Lite_for_ARM_EABI/bin/../lib/gcc/arm-none-eabi/4.7.3/../../../../arm-none-eabi/lib/thumb2/libstdc++.a(bad_alloc.o)
                0x0801006c                typeinfo name for std::bad_alloc
 .rodata._ZTISt9type_info
                0x0801007c        0x8 /home/phalt/CS/Sourcery_CodeBench_Lite_for_ARM_EABI/bin/../lib/gcc/arm-none-eabi/4.7.3/../../../../arm-none-eabi/lib/thumb2/libstdc++.a(tinfo.o)
                0x0801007c                typeinfo for std::type_info
 .rodata._ZTSSt9type_info
                0x08010084       0x10 /home/phalt/CS/Sourcery_CodeBench_Lite_for_ARM_EABI/bin/../lib/gcc/arm-none-eabi/4.7.3/../../../../arm-none-eabi/lib/thumb2/libstdc++.a(tinfo.o)
                0x08010084                typeinfo name for std::type_info
 *fill*         0x08010094        0x4 
 .rodata._ZTVSt9type_info
                0x08010098       0x20 /home/phalt/CS/Sourcery_CodeBench_Lite_for_ARM_EABI/bin/../lib/gcc/arm-none-eabi/4.7.3/../../../../arm-none-eabi/lib/thumb2/libstdc++.a(tinfo.o)
                0x08010098                vtable for std::type_info
 .rodata._ZTVSt9exception
                0x080100b8       0x18 /home/phalt/CS/Sourcery_CodeBench_Lite_for_ARM_EABI/bin/../lib/gcc/arm-none-eabi/4.7.3/../../../../arm-none-eabi/lib/thumb2/libstdc++.a(eh_exception.o)
                0x080100b8                vtable for std::exception
 .rodata._ZTIN10__cxxabiv115__forced_unwindE
                0x080100d0        0x8 /home/phalt/CS/Sourcery_CodeBench_Lite_for_ARM_EABI/bin/../lib/gcc/arm-none-eabi/4.7.3/../../../../arm-none-eabi/lib/thumb2/libstdc++.a(eh_exception.o)
                0x080100d0                typeinfo for __cxxabiv1::__forced_unwind
 .rodata._ZTISt9exception
                0x080100d8        0x8 /home/phalt/CS/Sourcery_CodeBench_Lite_for_ARM_EABI/bin/../lib/gcc/arm-none-eabi/4.7.3/../../../../arm-none-eabi/lib/thumb2/libstdc++.a(eh_exception.o)
                0x080100d8                typeinfo for std::exception
 .rodata._ZTSSt13bad_exception
                0x080100e0       0x14 /home/phalt/CS/Sourcery_CodeBench_Lite_for_ARM_EABI/bin/../lib/gcc/arm-none-eabi/4.7.3/../../../../arm-none-eabi/lib/thumb2/libstdc++.a(eh_exception.o)
                0x080100e0                typeinfo name for std::bad_exception
 .rodata.str1.4
                0x080100f4       0x23 /home/phalt/CS/Sourcery_CodeBench_Lite_for_ARM_EABI/bin/../lib/gcc/arm-none-eabi/4.7.3/../../../../arm-none-eabi/lib/thumb2/libstdc++.a(eh_exception.o)
                                 0x24 (size before relaxing)
 *fill*         0x08010117        0x1 
 .rodata._ZTSN10__cxxabiv119__foreign_exceptionE
                0x08010118       0x24 /home/phalt/CS/Sourcery_CodeBench_Lite_for_ARM_EABI/bin/../lib/gcc/arm-none-eabi/4.7.3/../../../../arm-none-eabi/lib/thumb2/libstdc++.a(eh_exception.o)
                0x08010118                typeinfo name for __cxxabiv1::__foreign_exception
 .rodata._ZTIN10__cxxabiv119__foreign_exceptionE
                0x0801013c        0x8 /home/phalt/CS/Sourcery_CodeBench_Lite_for_ARM_EABI/bin/../lib/gcc/arm-none-eabi/4.7.3/../../../../arm-none-eabi/lib/thumb2/libstdc++.a(eh_exception.o)
                0x0801013c                typeinfo for __cxxabiv1::__foreign_exception
 *fill*         0x08010144        0x4 
 .rodata._ZTVSt13bad_exception
                0x08010148       0x18 /home/phalt/CS/Sourcery_CodeBench_Lite_for_ARM_EABI/bin/../lib/gcc/arm-none-eabi/4.7.3/../../../../arm-none-eabi/lib/thumb2/libstdc++.a(eh_exception.o)
                0x08010148                vtable for std::bad_exception
 .rodata._ZTSSt9exception
                0x08010160       0x10 /home/phalt/CS/Sourcery_CodeBench_Lite_for_ARM_EABI/bin/../lib/gcc/arm-none-eabi/4.7.3/../../../../arm-none-eabi/lib/thumb2/libstdc++.a(eh_exception.o)
                0x08010160                typeinfo name for std::exception
 .rodata._ZTSN10__cxxabiv115__forced_unwindE
                0x08010170       0x20 /home/phalt/CS/Sourcery_CodeBench_Lite_for_ARM_EABI/bin/../lib/gcc/arm-none-eabi/4.7.3/../../../../arm-none-eabi/lib/thumb2/libstdc++.a(eh_exception.o)
                0x08010170                typeinfo name for __cxxabiv1::__forced_unwind
 .rodata._ZTISt13bad_exception
                0x08010190        0xc /home/phalt/CS/Sourcery_CodeBench_Lite_for_ARM_EABI/bin/../lib/gcc/arm-none-eabi/4.7.3/../../../../arm-none-eabi/lib/thumb2/libstdc++.a(eh_exception.o)
                0x08010190                typeinfo for std::bad_exception
 .rodata.str1.4
                0x0801019c       0x94 /home/phalt/CS/Sourcery_CodeBench_Lite_for_ARM_EABI/bin/../lib/gcc/arm-none-eabi/4.7.3/../../../../arm-none-eabi/lib/thumb2/libstdc++.a(vterminate.o)
 .rodata        0x08010230      0x6f8 /home/phalt/CS/Sourcery_CodeBench_Lite_for_ARM_EABI/bin/../lib/gcc/arm-none-eabi/4.7.3/../../../../arm-none-eabi/lib/thumb2/libstdc++.a(cp-demangle.o)
 .rodata.str1.4
                0x08010928      0x767 /home/phalt/CS/Sourcery_CodeBench_Lite_for_ARM_EABI/bin/../lib/gcc/arm-none-eabi/4.7.3/../../../../arm-none-eabi/lib/thumb2/libstdc++.a(cp-demangle.o)
                                0x7b4 (size before relaxing)
 *fill*         0x0801108f        0x1 
 .rodata        0x08011090        0x4 /home/phalt/CS/Sourcery_CodeBench_Lite_for_ARM_EABI/bin/../lib/gcc/arm-none-eabi/4.7.3/../../../../arm-none-eabi/lib/thumb2/libc.a(lib_a-impure.o)
                0x08011090                _global_impure_ptr
 .rodata.str1.4
                0x08011094        0x2 /home/phalt/CS/Sourcery_CodeBench_Lite_for_ARM_EABI/bin/../lib/gcc/arm-none-eabi/4.7.3/../../../../arm-none-eabi/lib/thumb2/libc.a(lib_a-impure.o)
                                  0x4 (size before relaxing)
 *fill*         0x08011096        0x2 
 .rodata        0x08011098       0x20 /home/phalt/CS/Sourcery_CodeBench_Lite_for_ARM_EABI/bin/../lib/gcc/arm-none-eabi/4.7.3/../../../../arm-none-eabi/lib/thumb2/libc.a(lib_a-svfprintf.o)
 .rodata.str1.4
                0x080110b8       0x42 /home/phalt/CS/Sourcery_CodeBench_Lite_for_ARM_EABI/bin/../lib/gcc/arm-none-eabi/4.7.3/../../../../arm-none-eabi/lib/thumb2/libc.a(lib_a-svfprintf.o)
                                 0x44 (size before relaxing)
 *fill*         0x080110fa        0x2 
 .rodata.str1.4
                0x080110fc       0x10 /home/phalt/CS/Sourcery_CodeBench_Lite_for_ARM_EABI/bin/../lib/gcc/arm-none-eabi/4.7.3/../../../../arm-none-eabi/lib/thumb2/libc.a(lib_a-dtoa.o)
                                 0x14 (size before relaxing)
 .rodata        0x0801110c       0x60 /home/phalt/CS/Sourcery_CodeBench_Lite_for_ARM_EABI/bin/../lib/gcc/arm-none-eabi/4.7.3/../../../../arm-none-eabi/lib/thumb2/libc.a(lib_a-findfp.o)
                0x0801110c                __sf_fake_stderr
                0x0801112c                __sf_fake_stdout
                0x0801114c                __sf_fake_stdin
 .rodata.str1.4
                0x0801116c        0x8 /home/phalt/CS/Sourcery_CodeBench_Lite_for_ARM_EABI/bin/../lib/gcc/arm-none-eabi/4.7.3/../../../../arm-none-eabi/lib/thumb2/libc.a(lib_a-locale.o)
                                 0x14 (size before relaxing)
 *fill*         0x08011174        0x4 
 .rodata        0x08011178      0x128 /home/phalt/CS/Sourcery_CodeBench_Lite_for_ARM_EABI/bin/../lib/gcc/arm-none-eabi/4.7.3/../../../../arm-none-eabi/lib/thumb2/libc.a(lib_a-mprec.o)
                0x08011188                __mprec_tens
                0x08011250                __mprec_tinytens
                0x08011278                __mprec_bigtens
 .rodata        0x080112a0       0x20 /home/phalt/CS/Sourcery_CodeBench_Lite_for_ARM_EABI/bin/../lib/gcc/arm-none-eabi/4.7.3/../../../../arm-none-eabi/lib/thumb2/libc.a(lib_a-svfiprintf.o)
 .rodata.str1.4
                0x00000000       0x30 /home/phalt/CS/Sourcery_CodeBench_Lite_for_ARM_EABI/bin/../lib/gcc/arm-none-eabi/4.7.3/../../../../arm-none-eabi/lib/thumb2/libc.a(lib_a-svfiprintf.o)
 *(.eh_frame*)
 *(.glue_7)
 .glue_7        0x00000000        0x0 linker stubs
 *(.glue_7t)
 .glue_7t       0x00000000        0x0 linker stubs

.vfp11_veneer   0x080112c0        0x0
 .vfp11_veneer  0x00000000        0x0 linker stubs

.v4_bx          0x080112c0        0x0
 .v4_bx         0x00000000        0x0 linker stubs

.iplt           0x080112c0        0x0
 .iplt          0x00000000        0x0 ./src/app.o

.ARM.extab      0x080112c0      0x1a8
 *(.ARM.extab* .gnu.linkonce.armextab.*)
 .ARM.extab.text._ZN11Application4initEv
                0x080112c0       0x18 ./src/app.o
 .ARM.extab.text._ZN11Application5startEv
                0x080112d8        0xc ./src/app.o
 .ARM.extab.text._ZN11Application6attachEP4Task
                0x080112e4       0x18 ./src/app.o
 .ARM.extab.text._ZN4TaskC2Ev
                0x080112fc        0x0 ./src/ledtask.o
 .ARM.extab.text._ZN4TaskD2Ev
                0x080112fc        0x0 ./src/ledtask.o
 .ARM.extab.text._ZN4TaskD0Ev
                0x080112fc        0x0 ./src/ledtask.o
 .ARM.extab.text._ZN4Task4initEv
                0x080112fc        0x0 ./src/ledtask.o
 .ARM.extab.text._ZN4Task4implEPv
                0x080112fc        0x0 ./src/ledtask.o
 .ARM.extab.text._ZN7LEDTaskD2Ev
                0x080112fc        0x0 ./src/ledtask.o
 .ARM.extab.text._ZN7LEDTaskD0Ev
                0x080112fc        0x0 ./src/ledtask.o
 .ARM.extab.text._ZN7LEDTask4implEPv
                0x080112fc        0xc ./src/ledtask.o
 .ARM.extab.text._ZN11ApplicationC2Ev
                0x08011308        0x0 ./src/main.o
 .ARM.extab.text.main
                0x08011308       0x24 ./src/main.o
 .ARM.extab.text._Znwj
                0x0801132c       0x20 /home/phalt/CS/Sourcery_CodeBench_Lite_for_ARM_EABI/bin/../lib/gcc/arm-none-eabi/4.7.3/../../../../arm-none-eabi/lib/thumb2/libstdc++.a(new_op.o)
 .ARM.extab.text._ZL21base_of_encoded_valuehP15_Unwind_Context
                0x0801134c        0xc /home/phalt/CS/Sourcery_CodeBench_Lite_for_ARM_EABI/bin/../lib/gcc/arm-none-eabi/4.7.3/../../../../arm-none-eabi/lib/thumb2/libstdc++.a(eh_personality.o)
 .ARM.extab.text.__gxx_personality_v0
                0x08011358       0x20 /home/phalt/CS/Sourcery_CodeBench_Lite_for_ARM_EABI/bin/../lib/gcc/arm-none-eabi/4.7.3/../../../../arm-none-eabi/lib/thumb2/libstdc++.a(eh_personality.o)
 .ARM.extab.text.__cxa_begin_catch
                0x08011378       0x1c /home/phalt/CS/Sourcery_CodeBench_Lite_for_ARM_EABI/bin/../lib/gcc/arm-none-eabi/4.7.3/../../../../arm-none-eabi/lib/thumb2/libstdc++.a(eh_catch.o)
 .ARM.extab.text._ZN10__cxxabiv111__terminateEPFvvE
                0x08011394       0x2c /home/phalt/CS/Sourcery_CodeBench_Lite_for_ARM_EABI/bin/../lib/gcc/arm-none-eabi/4.7.3/../../../../arm-none-eabi/lib/thumb2/libstdc++.a(eh_terminate.o)
 .ARM.extab.text._ZN10__cxxabiv112__unexpectedEPFvvE
                0x080113c0        0xc /home/phalt/CS/Sourcery_CodeBench_Lite_for_ARM_EABI/bin/../lib/gcc/arm-none-eabi/4.7.3/../../../../arm-none-eabi/lib/thumb2/libstdc++.a(eh_terminate.o)
 .ARM.extab.text._ZSt10unexpectedv
                0x080113cc        0xc /home/phalt/CS/Sourcery_CodeBench_Lite_for_ARM_EABI/bin/../lib/gcc/arm-none-eabi/4.7.3/../../../../arm-none-eabi/lib/thumb2/libstdc++.a(eh_terminate.o)
 .ARM.extab.text.__cxa_call_unexpected
                0x080113d8       0x2c /home/phalt/CS/Sourcery_CodeBench_Lite_for_ARM_EABI/bin/../lib/gcc/arm-none-eabi/4.7.3/../../../../arm-none-eabi/lib/thumb2/libstdc++.a(eh_call.o)
 .ARM.extab.text._ZN9__gnu_cxx27__verbose_terminate_handlerEv
                0x08011404       0x34 /home/phalt/CS/Sourcery_CodeBench_Lite_for_ARM_EABI/bin/../lib/gcc/arm-none-eabi/4.7.3/../../../../arm-none-eabi/lib/thumb2/libstdc++.a(vterminate.o)
 .ARM.extab     0x08011438       0x18 /home/phalt/CS/Sourcery_CodeBench_Lite_for_ARM_EABI/bin/../lib/gcc/arm-none-eabi/4.7.3/thumb2/libgcc.a(unwind-arm.o)
 .ARM.extab     0x08011450       0x18 /home/phalt/CS/Sourcery_CodeBench_Lite_for_ARM_EABI/bin/../lib/gcc/arm-none-eabi/4.7.3/thumb2/libgcc.a(pr-support.o)
                0x08011468                __exidx_start = .

.ARM.exidx      0x08011468      0x210
 *(.ARM.exidx* .gnu.linkonce.armexidx.*)
 .ARM.exidx.text._ZN11Application4initEv
                0x08011468        0x8 ./src/app.o
 .ARM.exidx.text._ZN11Application5startEv
                0x08011470        0x8 ./src/app.o
 .ARM.exidx.text._ZN11Application6attachEP4Task
                0x08011478        0x8 ./src/app.o
 .ARM.exidx.text._ZN4TaskC2Ev
                0x08011480        0x8 ./src/ledtask.o
 .ARM.exidx.text._ZN4TaskD2Ev
                0x08011488        0x0 ./src/ledtask.o
                                  0x8 (size before relaxing)
 .ARM.exidx.text._ZN4TaskD0Ev
                0x08011488        0x0 ./src/ledtask.o
                                  0x8 (size before relaxing)
 .ARM.exidx.text._ZN4Task4initEv
                0x08011488        0x0 ./src/ledtask.o
                                  0x8 (size before relaxing)
 .ARM.exidx.text._ZN4Task4implEPv
                0x08011488        0x0 ./src/ledtask.o
                                  0x8 (size before relaxing)
 .ARM.exidx.text._ZN7LEDTaskD2Ev
                0x08011488        0x0 ./src/ledtask.o
                                  0x8 (size before relaxing)
 .ARM.exidx.text._ZN7LEDTaskD0Ev
                0x08011488        0x0 ./src/ledtask.o
                                  0x8 (size before relaxing)
 .ARM.exidx.text._ZN7LEDTaskC2Ett
                0x08011488        0x0 ./src/ledtask.o
                                  0x8 (size before relaxing)
 .ARM.exidx.text._ZN7LEDTask4initEv
                0x08011488        0x0 ./src/ledtask.o
                                  0x8 (size before relaxing)
 .ARM.exidx.text._ZN7LEDTask4implEPv
                0x08011488        0x8 ./src/ledtask.o
 .ARM.exidx.text._ZN11ApplicationC2Ev
                0x08011490        0x8 ./src/main.o
 .ARM.exidx.text.main
                0x08011498       0x10 ./src/main.o
                                  0x8 (size before relaxing)
 .ARM.exidx.text._ZNK10__cxxabiv117__class_type_info11__do_upcastEPKS0_PPv
                0x080114a8        0x8 /home/phalt/CS/Sourcery_CodeBench_Lite_for_ARM_EABI/bin/../lib/gcc/arm-none-eabi/4.7.3/../../../../arm-none-eabi/lib/thumb2/libstdc++.a(class_type_info.o)
 .ARM.exidx.text._ZNK10__cxxabiv117__class_type_info20__do_find_public_srcEiPKvPKS0_S2_
                0x080114b0        0x8 /home/phalt/CS/Sourcery_CodeBench_Lite_for_ARM_EABI/bin/../lib/gcc/arm-none-eabi/4.7.3/../../../../arm-none-eabi/lib/thumb2/libstdc++.a(class_type_info.o)
 .ARM.exidx.text._ZNK10__cxxabiv117__class_type_info11__do_upcastEPKS0_PKvRNS0_15__upcast_resultE
                0x080114b8        0x8 /home/phalt/CS/Sourcery_CodeBench_Lite_for_ARM_EABI/bin/../lib/gcc/arm-none-eabi/4.7.3/../../../../arm-none-eabi/lib/thumb2/libstdc++.a(class_type_info.o)
 .ARM.exidx.text._ZN10__cxxabiv117__class_type_infoD2Ev
                0x080114c0        0x8 /home/phalt/CS/Sourcery_CodeBench_Lite_for_ARM_EABI/bin/../lib/gcc/arm-none-eabi/4.7.3/../../../../arm-none-eabi/lib/thumb2/libstdc++.a(class_type_info.o)
 .ARM.exidx.text._ZN10__cxxabiv117__class_type_infoD0Ev
                0x080114c8        0x0 /home/phalt/CS/Sourcery_CodeBench_Lite_for_ARM_EABI/bin/../lib/gcc/arm-none-eabi/4.7.3/../../../../arm-none-eabi/lib/thumb2/libstdc++.a(class_type_info.o)
                                  0x8 (size before relaxing)
 .ARM.exidx.text._ZNK10__cxxabiv117__class_type_info12__do_dyncastEiNS0_10__sub_kindEPKS0_PKvS3_S5_RNS0_16__dyncast_resultE
                0x080114c8        0x8 /home/phalt/CS/Sourcery_CodeBench_Lite_for_ARM_EABI/bin/../lib/gcc/arm-none-eabi/4.7.3/../../../../arm-none-eabi/lib/thumb2/libstdc++.a(class_type_info.o)
 .ARM.exidx.text._ZNK10__cxxabiv117__class_type_info10__do_catchEPKSt9type_infoPPvj
                0x080114d0        0x8 /home/phalt/CS/Sourcery_CodeBench_Lite_for_ARM_EABI/bin/../lib/gcc/arm-none-eabi/4.7.3/../../../../arm-none-eabi/lib/thumb2/libstdc++.a(class_type_info.o)
 .ARM.exidx.text._ZNK10__cxxabiv120__si_class_type_info12__do_dyncastEiNS_17__class_type_info10__sub_kindEPKS1_PKvS4_S6_RNS1_16__dyncast_resultE
                0x080114d8        0x8 /home/phalt/CS/Sourcery_CodeBench_Lite_for_ARM_EABI/bin/../lib/gcc/arm-none-eabi/4.7.3/../../../../arm-none-eabi/lib/thumb2/libstdc++.a(si_class_type_info.o)
 .ARM.exidx.text._ZN10__cxxabiv120__si_class_type_infoD2Ev
                0x080114e0        0x8 /home/phalt/CS/Sourcery_CodeBench_Lite_for_ARM_EABI/bin/../lib/gcc/arm-none-eabi/4.7.3/../../../../arm-none-eabi/lib/thumb2/libstdc++.a(si_class_type_info.o)
 .ARM.exidx.text._ZN10__cxxabiv120__si_class_type_infoD0Ev
                0x080114e8        0x0 /home/phalt/CS/Sourcery_CodeBench_Lite_for_ARM_EABI/bin/../lib/gcc/arm-none-eabi/4.7.3/../../../../arm-none-eabi/lib/thumb2/libstdc++.a(si_class_type_info.o)
                                  0x8 (size before relaxing)
 .ARM.exidx.text._ZNK10__cxxabiv120__si_class_type_info20__do_find_public_srcEiPKvPKNS_17__class_type_infoES2_
                0x080114e8        0x8 /home/phalt/CS/Sourcery_CodeBench_Lite_for_ARM_EABI/bin/../lib/gcc/arm-none-eabi/4.7.3/../../../../arm-none-eabi/lib/thumb2/libstdc++.a(si_class_type_info.o)
 .ARM.exidx.text._ZNK10__cxxabiv120__si_class_type_info11__do_upcastEPKNS_17__class_type_infoEPKvRNS1_15__upcast_resultE
                0x080114f0       0x10 /home/phalt/CS/Sourcery_CodeBench_Lite_for_ARM_EABI/bin/../lib/gcc/arm-none-eabi/4.7.3/../../../../arm-none-eabi/lib/thumb2/libstdc++.a(si_class_type_info.o)
                                  0x8 (size before relaxing)
 .ARM.exidx.text.__cxa_type_match
                0x08011500        0x8 /home/phalt/CS/Sourcery_CodeBench_Lite_for_ARM_EABI/bin/../lib/gcc/arm-none-eabi/4.7.3/../../../../arm-none-eabi/lib/thumb2/libstdc++.a(eh_arm.o)
 .ARM.exidx.text.__cxa_begin_cleanup
                0x08011508        0x8 /home/phalt/CS/Sourcery_CodeBench_Lite_for_ARM_EABI/bin/../lib/gcc/arm-none-eabi/4.7.3/../../../../arm-none-eabi/lib/thumb2/libstdc++.a(eh_arm.o)
 .ARM.exidx.text.__gnu_end_cleanup
                0x08011510        0x0 /home/phalt/CS/Sourcery_CodeBench_Lite_for_ARM_EABI/bin/../lib/gcc/arm-none-eabi/4.7.3/../../../../arm-none-eabi/lib/thumb2/libstdc++.a(eh_arm.o)
                                  0x8 (size before relaxing)
 .ARM.exidx.text._Znwj
                0x08011510        0x8 /home/phalt/CS/Sourcery_CodeBench_Lite_for_ARM_EABI/bin/../lib/gcc/arm-none-eabi/4.7.3/../../../../arm-none-eabi/lib/thumb2/libstdc++.a(new_op.o)
 .ARM.exidx.text._ZL12read_sleb128PKhPl
                0x08011518        0x8 /home/phalt/CS/Sourcery_CodeBench_Lite_for_ARM_EABI/bin/../lib/gcc/arm-none-eabi/4.7.3/../../../../arm-none-eabi/lib/thumb2/libstdc++.a(eh_personality.o)
 .ARM.exidx.text._ZL28read_encoded_value_with_basehjPKhPj
                0x08011520        0x8 /home/phalt/CS/Sourcery_CodeBench_Lite_for_ARM_EABI/bin/../lib/gcc/arm-none-eabi/4.7.3/../../../../arm-none-eabi/lib/thumb2/libstdc++.a(eh_personality.o)
 .ARM.exidx.text._ZL21base_of_encoded_valuehP15_Unwind_Context
                0x08011528        0x8 /home/phalt/CS/Sourcery_CodeBench_Lite_for_ARM_EABI/bin/../lib/gcc/arm-none-eabi/4.7.3/../../../../arm-none-eabi/lib/thumb2/libstdc++.a(eh_personality.o)
 .ARM.exidx.text._ZL17parse_lsda_headerP15_Unwind_ContextPKhP16lsda_header_info
                0x08011530        0x8 /home/phalt/CS/Sourcery_CodeBench_Lite_for_ARM_EABI/bin/../lib/gcc/arm-none-eabi/4.7.3/../../../../arm-none-eabi/lib/thumb2/libstdc++.a(eh_personality.o)
 .ARM.exidx.text.__gxx_personality_v0
                0x08011538        0x8 /home/phalt/CS/Sourcery_CodeBench_Lite_for_ARM_EABI/bin/../lib/gcc/arm-none-eabi/4.7.3/../../../../arm-none-eabi/lib/thumb2/libstdc++.a(eh_personality.o)
 .ARM.exidx.text._ZdlPv
                0x08011540        0x8 /home/phalt/CS/Sourcery_CodeBench_Lite_for_ARM_EABI/bin/../lib/gcc/arm-none-eabi/4.7.3/../../../../arm-none-eabi/lib/thumb2/libstdc++.a(del_op.o)
 .ARM.exidx.text._ZNKSt9bad_alloc4whatEv
                0x08011548        0x0 /home/phalt/CS/Sourcery_CodeBench_Lite_for_ARM_EABI/bin/../lib/gcc/arm-none-eabi/4.7.3/../../../../arm-none-eabi/lib/thumb2/libstdc++.a(bad_alloc.o)
                                  0x8 (size before relaxing)
 .ARM.exidx.text._ZNSt9bad_allocD2Ev
                0x08011548        0x0 /home/phalt/CS/Sourcery_CodeBench_Lite_for_ARM_EABI/bin/../lib/gcc/arm-none-eabi/4.7.3/../../../../arm-none-eabi/lib/thumb2/libstdc++.a(bad_alloc.o)
                                  0x8 (size before relaxing)
 .ARM.exidx.text._ZNSt9bad_allocD0Ev
                0x08011548        0x0 /home/phalt/CS/Sourcery_CodeBench_Lite_for_ARM_EABI/bin/../lib/gcc/arm-none-eabi/4.7.3/../../../../arm-none-eabi/lib/thumb2/libstdc++.a(bad_alloc.o)
                                  0x8 (size before relaxing)
 .ARM.exidx.text.__cxa_allocate_exception
                0x08011548        0x0 /home/phalt/CS/Sourcery_CodeBench_Lite_for_ARM_EABI/bin/../lib/gcc/arm-none-eabi/4.7.3/../../../../arm-none-eabi/lib/thumb2/libstdc++.a(eh_alloc.o)
                                  0x8 (size before relaxing)
 .ARM.exidx.text.__cxa_free_exception
                0x08011548        0x0 /home/phalt/CS/Sourcery_CodeBench_Lite_for_ARM_EABI/bin/../lib/gcc/arm-none-eabi/4.7.3/../../../../arm-none-eabi/lib/thumb2/libstdc++.a(eh_alloc.o)
                                  0x8 (size before relaxing)
 .ARM.exidx.text.__cxa_begin_catch
                0x08011548        0x8 /home/phalt/CS/Sourcery_CodeBench_Lite_for_ARM_EABI/bin/../lib/gcc/arm-none-eabi/4.7.3/../../../../arm-none-eabi/lib/thumb2/libstdc++.a(eh_catch.o)
 .ARM.exidx.text.__cxa_end_catch
                0x08011550        0x8 /home/phalt/CS/Sourcery_CodeBench_Lite_for_ARM_EABI/bin/../lib/gcc/arm-none-eabi/4.7.3/../../../../arm-none-eabi/lib/thumb2/libstdc++.a(eh_catch.o)
 .ARM.exidx.text._ZN10__cxxabiv111__terminateEPFvvE
                0x08011558        0x8 /home/phalt/CS/Sourcery_CodeBench_Lite_for_ARM_EABI/bin/../lib/gcc/arm-none-eabi/4.7.3/../../../../arm-none-eabi/lib/thumb2/libstdc++.a(eh_terminate.o)
 .ARM.exidx.text._ZSt9terminatev
                0x08011560        0x8 /home/phalt/CS/Sourcery_CodeBench_Lite_for_ARM_EABI/bin/../lib/gcc/arm-none-eabi/4.7.3/../../../../arm-none-eabi/lib/thumb2/libstdc++.a(eh_terminate.o)
 .ARM.exidx.text._ZN10__cxxabiv112__unexpectedEPFvvE
                0x08011568        0x8 /home/phalt/CS/Sourcery_CodeBench_Lite_for_ARM_EABI/bin/../lib/gcc/arm-none-eabi/4.7.3/../../../../arm-none-eabi/lib/thumb2/libstdc++.a(eh_terminate.o)
 .ARM.exidx.text._ZSt10unexpectedv
                0x08011570        0x8 /home/phalt/CS/Sourcery_CodeBench_Lite_for_ARM_EABI/bin/../lib/gcc/arm-none-eabi/4.7.3/../../../../arm-none-eabi/lib/thumb2/libstdc++.a(eh_terminate.o)
 .ARM.exidx.text._ZNSt9type_infoD2Ev
                0x08011578        0x8 /home/phalt/CS/Sourcery_CodeBench_Lite_for_ARM_EABI/bin/../lib/gcc/arm-none-eabi/4.7.3/../../../../arm-none-eabi/lib/thumb2/libstdc++.a(tinfo.o)
 .ARM.exidx.text._ZNKSt9type_info14__is_pointer_pEv
                0x08011580        0x0 /home/phalt/CS/Sourcery_CodeBench_Lite_for_ARM_EABI/bin/../lib/gcc/arm-none-eabi/4.7.3/../../../../arm-none-eabi/lib/thumb2/libstdc++.a(tinfo.o)
                                  0x8 (size before relaxing)
 .ARM.exidx.text._ZNKSt9type_info15__is_function_pEv
                0x08011580        0x0 /home/phalt/CS/Sourcery_CodeBench_Lite_for_ARM_EABI/bin/../lib/gcc/arm-none-eabi/4.7.3/../../../../arm-none-eabi/lib/thumb2/libstdc++.a(tinfo.o)
                                  0x8 (size before relaxing)
 .ARM.exidx.text._ZNKSt9type_info11__do_upcastEPKN10__cxxabiv117__class_type_infoEPPv
                0x08011580        0x0 /home/phalt/CS/Sourcery_CodeBench_Lite_for_ARM_EABI/bin/../lib/gcc/arm-none-eabi/4.7.3/../../../../arm-none-eabi/lib/thumb2/libstdc++.a(tinfo.o)
                                  0x8 (size before relaxing)
 .ARM.exidx.text._ZNSt9type_infoD0Ev
                0x08011580        0x0 /home/phalt/CS/Sourcery_CodeBench_Lite_for_ARM_EABI/bin/../lib/gcc/arm-none-eabi/4.7.3/../../../../arm-none-eabi/lib/thumb2/libstdc++.a(tinfo.o)
                                  0x8 (size before relaxing)
 .ARM.exidx.text._ZNKSt9type_infoeqERKS_
                0x08011580        0x0 /home/phalt/CS/Sourcery_CodeBench_Lite_for_ARM_EABI/bin/../lib/gcc/arm-none-eabi/4.7.3/../../../../arm-none-eabi/lib/thumb2/libstdc++.a(tinfo.o)
                                  0x8 (size before relaxing)
 .ARM.exidx.text._ZNKSt9type_info10__do_catchEPKS_PPvj
                0x08011580        0x0 /home/phalt/CS/Sourcery_CodeBench_Lite_for_ARM_EABI/bin/../lib/gcc/arm-none-eabi/4.7.3/../../../../arm-none-eabi/lib/thumb2/libstdc++.a(tinfo.o)
                                  0x8 (size before relaxing)
 .ARM.exidx.text.__cxa_get_globals_fast
                0x08011580        0x0 /home/phalt/CS/Sourcery_CodeBench_Lite_for_ARM_EABI/bin/../lib/gcc/arm-none-eabi/4.7.3/../../../../arm-none-eabi/lib/thumb2/libstdc++.a(eh_globals.o)
                                  0x8 (size before relaxing)
 .ARM.exidx.text.__cxa_get_globals
                0x08011580        0x0 /home/phalt/CS/Sourcery_CodeBench_Lite_for_ARM_EABI/bin/../lib/gcc/arm-none-eabi/4.7.3/../../../../arm-none-eabi/lib/thumb2/libstdc++.a(eh_globals.o)
                                  0x8 (size before relaxing)
 .ARM.exidx.text._ZN10__cxxabiv1L24__is_gxx_exception_classEPc
                0x08011580        0x0 /home/phalt/CS/Sourcery_CodeBench_Lite_for_ARM_EABI/bin/../lib/gcc/arm-none-eabi/4.7.3/../../../../arm-none-eabi/lib/thumb2/libstdc++.a(eh_call.o)
                                  0x8 (size before relaxing)
 .ARM.exidx.text.__cxa_call_terminate
                0x08011580        0x0 /home/phalt/CS/Sourcery_CodeBench_Lite_for_ARM_EABI/bin/../lib/gcc/arm-none-eabi/4.7.3/../../../../arm-none-eabi/lib/thumb2/libstdc++.a(eh_call.o)
                                  0x8 (size before relaxing)
 .ARM.exidx.text.__cxa_call_unexpected
                0x08011580        0x8 /home/phalt/CS/Sourcery_CodeBench_Lite_for_ARM_EABI/bin/../lib/gcc/arm-none-eabi/4.7.3/../../../../arm-none-eabi/lib/thumb2/libstdc++.a(eh_call.o)
 .ARM.exidx.text._ZL23__gxx_exception_cleanup19_Unwind_Reason_CodeP21_Unwind_Control_Block
                0x08011588        0x8 /home/phalt/CS/Sourcery_CodeBench_Lite_for_ARM_EABI/bin/../lib/gcc/arm-none-eabi/4.7.3/../../../../arm-none-eabi/lib/thumb2/libstdc++.a(eh_throw.o)
 .ARM.exidx.text.__cxa_throw
                0x08011590        0x8 /home/phalt/CS/Sourcery_CodeBench_Lite_for_ARM_EABI/bin/../lib/gcc/arm-none-eabi/4.7.3/../../../../arm-none-eabi/lib/thumb2/libstdc++.a(eh_throw.o)
 .ARM.exidx.text.__cxa_rethrow
                0x08011598        0x8 /home/phalt/CS/Sourcery_CodeBench_Lite_for_ARM_EABI/bin/../lib/gcc/arm-none-eabi/4.7.3/../../../../arm-none-eabi/lib/thumb2/libstdc++.a(eh_throw.o)
 .ARM.exidx.text._ZNSt9exceptionD2Ev
                0x080115a0        0x8 /home/phalt/CS/Sourcery_CodeBench_Lite_for_ARM_EABI/bin/../lib/gcc/arm-none-eabi/4.7.3/../../../../arm-none-eabi/lib/thumb2/libstdc++.a(eh_exception.o)
 .ARM.exidx.text._ZNSt13bad_exceptionD2Ev
                0x080115a8        0x0 /home/phalt/CS/Sourcery_CodeBench_Lite_for_ARM_EABI/bin/../lib/gcc/arm-none-eabi/4.7.3/../../../../arm-none-eabi/lib/thumb2/libstdc++.a(eh_exception.o)
                                  0x8 (size before relaxing)
 .ARM.exidx.text._ZNKSt9exception4whatEv